Copyright 1986-2020 Xilinx, Inc. All Rights Reserved.
---------------------------------------------------------------------------------------------
| Tool Version : Vivado v.2020.2 (win64) Build 3064766 Wed Nov 18 09:12:45 MST 2020
| Date         : Sun May  1 10:28:50 2022
| Host         : DESKTOP-874KJD5 running 64-bit major release  (build 9200)
| Command      : report_control_sets -verbose -file ModularNeuralNet_control_sets_placed.rpt
| Design       : ModularNeuralNet
| Device       : xc7a100t
---------------------------------------------------------------------------------------------

Control Set Information

Table of Contents
-----------------
1. Summary
2. Histogram
3. Flip-Flop Distribution
4. Detailed Control Set Information

1. Summary
----------

+----------------------------------------------------------+-------+
|                          Status                          | Count |
+----------------------------------------------------------+-------+
| Total control sets                                       |   801 |
|    Minimum number of control sets                        |   801 |
|    Addition due to synthesis replication                 |     0 |
|    Addition due to physical synthesis replication        |     0 |
| Unused register locations in slices containing registers |     2 |
+----------------------------------------------------------+-------+
* Control sets can be merged at opt_design using control_set_merge or merge_equivalent_drivers
** Run report_qor_suggestions for automated merging and remapping suggestions


2. Histogram
------------

+--------------------+-------+
|       Fanout       | Count |
+--------------------+-------+
| Total control sets |   801 |
| >= 0 to < 4        |     0 |
| >= 4 to < 6        |     0 |
| >= 6 to < 8        |     0 |
| >= 8 to < 10       |   800 |
| >= 10 to < 12      |     0 |
| >= 12 to < 14      |     0 |
| >= 14 to < 16      |     0 |
| >= 16              |     1 |
+--------------------+-------+
* Control sets can be remapped at either synth_design or opt_design


3. Flip-Flop Distribution
-------------------------

+--------------+-----------------------+------------------------+-----------------+--------------+
| Clock Enable | Synchronous Set/Reset | Asynchronous Set/Reset | Total Registers | Total Slices |
+--------------+-----------------------+------------------------+-----------------+--------------+
| No           | No                    | No                     |              38 |           33 |
| No           | No                    | Yes                    |               0 |            0 |
| No           | Yes                   | No                     |               0 |            0 |
| Yes          | No                    | No                     |            6400 |         3251 |
| Yes          | No                    | Yes                    |               0 |            0 |
| Yes          | Yes                   | No                     |               0 |            0 |
+--------------+-----------------------+------------------------+-----------------+--------------+


4. Detailed Control Set Information
-----------------------------------

+---------------+-----------------------+------------------+------------------+----------------+--------------+
|  Clock Signal |     Enable Signal     | Set/Reset Signal | Slice Load Count | Bel Load Count | Bels / Slice |
+---------------+-----------------------+------------------+------------------+----------------+--------------+
|  wr_IBUF_BUFG | ALU/B[177][7]_i_1_n_0 |                  |                4 |              8 |         2.00 |
|  wr_IBUF_BUFG | ALU/B[0][7]_i_1_n_0   |                  |                4 |              8 |         2.00 |
|  wr_IBUF_BUFG | ALU/B[100][7]_i_1_n_0 |                  |                5 |              8 |         1.60 |
|  wr_IBUF_BUFG | ALU/B[102][7]_i_1_n_0 |                  |                5 |              8 |         1.60 |
|  wr_IBUF_BUFG | ALU/B[103][7]_i_1_n_0 |                  |                5 |              8 |         1.60 |
|  wr_IBUF_BUFG | ALU/B[101][7]_i_1_n_0 |                  |                4 |              8 |         2.00 |
|  wr_IBUF_BUFG | ALU/B[104][7]_i_1_n_0 |                  |                5 |              8 |         1.60 |
|  wr_IBUF_BUFG | ALU/B[129][7]_i_1_n_0 |                  |                4 |              8 |         2.00 |
|  wr_IBUF_BUFG | ALU/B[12][7]_i_1_n_0  |                  |                5 |              8 |         1.60 |
|  wr_IBUF_BUFG | ALU/B[10][7]_i_1_n_0  |                  |                6 |              8 |         1.33 |
|  wr_IBUF_BUFG | ALU/B[116][7]_i_1_n_0 |                  |                5 |              8 |         1.60 |
|  wr_IBUF_BUFG | ALU/B[130][7]_i_1_n_0 |                  |                6 |              8 |         1.33 |
|  wr_IBUF_BUFG | ALU/B[126][7]_i_1_n_0 |                  |                5 |              8 |         1.60 |
|  wr_IBUF_BUFG | ALU/B[134][7]_i_1_n_0 |                  |                5 |              8 |         1.60 |
|  wr_IBUF_BUFG | ALU/B[143][7]_i_1_n_0 |                  |                5 |              8 |         1.60 |
|  wr_IBUF_BUFG | ALU/B[108][7]_i_1_n_0 |                  |                5 |              8 |         1.60 |
|  wr_IBUF_BUFG | ALU/B[142][7]_i_1_n_0 |                  |                4 |              8 |         2.00 |
|  wr_IBUF_BUFG | ALU/B[113][7]_i_1_n_0 |                  |                4 |              8 |         2.00 |
|  wr_IBUF_BUFG | ALU/B[124][7]_i_1_n_0 |                  |                3 |              8 |         2.67 |
|  wr_IBUF_BUFG | ALU/B[148][7]_i_1_n_0 |                  |                5 |              8 |         1.60 |
|  wr_IBUF_BUFG | ALU/B[107][7]_i_1_n_0 |                  |                4 |              8 |         2.00 |
|  wr_IBUF_BUFG | ALU/B[151][7]_i_1_n_0 |                  |                4 |              8 |         2.00 |
|  wr_IBUF_BUFG | ALU/B[133][7]_i_1_n_0 |                  |                4 |              8 |         2.00 |
|  wr_IBUF_BUFG | ALU/B[152][7]_i_1_n_0 |                  |                3 |              8 |         2.67 |
|  wr_IBUF_BUFG | ALU/B[154][7]_i_1_n_0 |                  |                5 |              8 |         1.60 |
|  wr_IBUF_BUFG | ALU/B[114][7]_i_1_n_0 |                  |                5 |              8 |         1.60 |
|  wr_IBUF_BUFG | ALU/B[140][7]_i_1_n_0 |                  |                5 |              8 |         1.60 |
|  wr_IBUF_BUFG | ALU/B[149][7]_i_1_n_0 |                  |                3 |              8 |         2.67 |
|  wr_IBUF_BUFG | ALU/B[111][7]_i_1_n_0 |                  |                4 |              8 |         2.00 |
|  wr_IBUF_BUFG | ALU/B[118][7]_i_1_n_0 |                  |                4 |              8 |         2.00 |
|  wr_IBUF_BUFG | ALU/B[11][7]_i_1_n_0  |                  |                4 |              8 |         2.00 |
|  wr_IBUF_BUFG | ALU/B[137][7]_i_1_n_0 |                  |                4 |              8 |         2.00 |
|  wr_IBUF_BUFG | ALU/B[157][7]_i_1_n_0 |                  |                4 |              8 |         2.00 |
|  wr_IBUF_BUFG | ALU/B[123][7]_i_1_n_0 |                  |                4 |              8 |         2.00 |
|  wr_IBUF_BUFG | ALU/B[14][7]_i_1_n_0  |                  |                6 |              8 |         1.33 |
|  wr_IBUF_BUFG | ALU/B[109][7]_i_1_n_0 |                  |                4 |              8 |         2.00 |
|  wr_IBUF_BUFG | ALU/B[115][7]_i_1_n_0 |                  |                5 |              8 |         1.60 |
|  wr_IBUF_BUFG | ALU/B[121][7]_i_1_n_0 |                  |                6 |              8 |         1.33 |
|  wr_IBUF_BUFG | ALU/B[139][7]_i_1_n_0 |                  |                4 |              8 |         2.00 |
|  wr_IBUF_BUFG | ALU/B[144][7]_i_1_n_0 |                  |                4 |              8 |         2.00 |
|  wr_IBUF_BUFG | ALU/B[153][7]_i_1_n_0 |                  |                4 |              8 |         2.00 |
|  wr_IBUF_BUFG | ALU/B[127][7]_i_1_n_0 |                  |                5 |              8 |         1.60 |
|  wr_IBUF_BUFG | ALU/B[106][7]_i_1_n_0 |                  |                5 |              8 |         1.60 |
|  wr_IBUF_BUFG | ALU/B[105][7]_i_1_n_0 |                  |                4 |              8 |         2.00 |
|  wr_IBUF_BUFG | ALU/B[112][7]_i_1_n_0 |                  |                4 |              8 |         2.00 |
|  wr_IBUF_BUFG | ALU/B[131][7]_i_1_n_0 |                  |                4 |              8 |         2.00 |
|  wr_IBUF_BUFG | ALU/B[119][7]_i_1_n_0 |                  |                4 |              8 |         2.00 |
|  wr_IBUF_BUFG | ALU/B[110][7]_i_1_n_0 |                  |                4 |              8 |         2.00 |
|  wr_IBUF_BUFG | ALU/B[117][7]_i_1_n_0 |                  |                5 |              8 |         1.60 |
|  wr_IBUF_BUFG | ALU/B[136][7]_i_1_n_0 |                  |                3 |              8 |         2.67 |
|  wr_IBUF_BUFG | ALU/B[141][7]_i_1_n_0 |                  |                4 |              8 |         2.00 |
|  wr_IBUF_BUFG | ALU/B[128][7]_i_1_n_0 |                  |                5 |              8 |         1.60 |
|  wr_IBUF_BUFG | ALU/B[145][7]_i_1_n_0 |                  |                4 |              8 |         2.00 |
|  wr_IBUF_BUFG | ALU/B[150][7]_i_1_n_0 |                  |                4 |              8 |         2.00 |
|  wr_IBUF_BUFG | ALU/B[125][7]_i_1_n_0 |                  |                6 |              8 |         1.33 |
|  wr_IBUF_BUFG | ALU/B[155][7]_i_1_n_0 |                  |                3 |              8 |         2.67 |
|  wr_IBUF_BUFG | ALU/B[156][7]_i_1_n_0 |                  |                5 |              8 |         1.60 |
|  wr_IBUF_BUFG | ALU/B[120][7]_i_1_n_0 |                  |                6 |              8 |         1.33 |
|  wr_IBUF_BUFG | ALU/B[138][7]_i_1_n_0 |                  |                3 |              8 |         2.67 |
|  wr_IBUF_BUFG | ALU/B[122][7]_i_1_n_0 |                  |                4 |              8 |         2.00 |
|  wr_IBUF_BUFG | ALU/B[135][7]_i_1_n_0 |                  |                5 |              8 |         1.60 |
|  wr_IBUF_BUFG | ALU/B[13][7]_i_1_n_0  |                  |                7 |              8 |         1.14 |
|  wr_IBUF_BUFG | ALU/B[146][7]_i_1_n_0 |                  |                5 |              8 |         1.60 |
|  wr_IBUF_BUFG | ALU/B[147][7]_i_1_n_0 |                  |                6 |              8 |         1.33 |
|  wr_IBUF_BUFG | ALU/B[132][7]_i_1_n_0 |                  |                5 |              8 |         1.60 |
|  wr_IBUF_BUFG | ALU/B[204][7]_i_1_n_0 |                  |                4 |              8 |         2.00 |
|  wr_IBUF_BUFG | ALU/B[162][7]_i_1_n_0 |                  |                4 |              8 |         2.00 |
|  wr_IBUF_BUFG | ALU/B[168][7]_i_1_n_0 |                  |                4 |              8 |         2.00 |
|  wr_IBUF_BUFG | ALU/B[174][7]_i_1_n_0 |                  |                3 |              8 |         2.67 |
|  wr_IBUF_BUFG | ALU/B[17][7]_i_1_n_0  |                  |                4 |              8 |         2.00 |
|  wr_IBUF_BUFG | ALU/B[163][7]_i_1_n_0 |                  |                3 |              8 |         2.67 |
|  wr_IBUF_BUFG | ALU/B[194][7]_i_1_n_0 |                  |                3 |              8 |         2.67 |
|  wr_IBUF_BUFG | ALU/B[169][7]_i_1_n_0 |                  |                4 |              8 |         2.00 |
|  wr_IBUF_BUFG | ALU/B[181][7]_i_1_n_0 |                  |                3 |              8 |         2.67 |
|  wr_IBUF_BUFG | ALU/B[184][7]_i_1_n_0 |                  |                4 |              8 |         2.00 |
|  wr_IBUF_BUFG | ALU/B[183][7]_i_1_n_0 |                  |                3 |              8 |         2.67 |
|  wr_IBUF_BUFG | ALU/B[197][7]_i_1_n_0 |                  |                4 |              8 |         2.00 |
|  wr_IBUF_BUFG | ALU/B[175][7]_i_1_n_0 |                  |                3 |              8 |         2.67 |
|  wr_IBUF_BUFG | ALU/B[199][7]_i_1_n_0 |                  |                3 |              8 |         2.67 |
|  wr_IBUF_BUFG | ALU/B[192][7]_i_1_n_0 |                  |                5 |              8 |         1.60 |
|  wr_IBUF_BUFG | ALU/B[180][7]_i_1_n_0 |                  |                5 |              8 |         1.60 |
|  wr_IBUF_BUFG | ALU/B[193][7]_i_1_n_0 |                  |                4 |              8 |         2.00 |
|  wr_IBUF_BUFG | ALU/B[15][7]_i_1_n_0  |                  |                6 |              8 |         1.33 |
|  wr_IBUF_BUFG | ALU/B[160][7]_i_1_n_0 |                  |                4 |              8 |         2.00 |
|  wr_IBUF_BUFG | ALU/B[188][7]_i_1_n_0 |                  |                5 |              8 |         1.60 |
|  wr_IBUF_BUFG | ALU/B[203][7]_i_1_n_0 |                  |                6 |              8 |         1.33 |
|  wr_IBUF_BUFG | ALU/B[167][7]_i_1_n_0 |                  |                5 |              8 |         1.60 |
|  wr_IBUF_BUFG | ALU/B[172][7]_i_1_n_0 |                  |                3 |              8 |         2.67 |
|  wr_IBUF_BUFG | ALU/B[159][7]_i_1_n_0 |                  |                5 |              8 |         1.60 |
|  wr_IBUF_BUFG | ALU/B[166][7]_i_1_n_0 |                  |                5 |              8 |         1.60 |
|  wr_IBUF_BUFG | ALU/B[171][7]_i_1_n_0 |                  |                2 |              8 |         4.00 |
|  wr_IBUF_BUFG | ALU/B[176][7]_i_1_n_0 |                  |                5 |              8 |         1.60 |
|  wr_IBUF_BUFG | ALU/B[16][7]_i_1_n_0  |                  |                4 |              8 |         2.00 |
|  wr_IBUF_BUFG | ALU/B[182][7]_i_1_n_0 |                  |                5 |              8 |         1.60 |
|  wr_IBUF_BUFG | ALU/B[186][7]_i_1_n_0 |                  |                3 |              8 |         2.67 |
|  wr_IBUF_BUFG | ALU/B[164][7]_i_1_n_0 |                  |                4 |              8 |         2.00 |
|  wr_IBUF_BUFG | ALU/B[187][7]_i_1_n_0 |                  |                6 |              8 |         1.33 |
|  wr_IBUF_BUFG | ALU/B[18][7]_i_1_n_0  |                  |                5 |              8 |         1.60 |
|  wr_IBUF_BUFG | ALU/B[195][7]_i_1_n_0 |                  |                4 |              8 |         2.00 |
|  wr_IBUF_BUFG | ALU/B[196][7]_i_1_n_0 |                  |                3 |              8 |         2.67 |
|  wr_IBUF_BUFG | ALU/B[282][7]_i_1_n_0 |                  |                5 |              8 |         1.60 |
|  wr_IBUF_BUFG | ALU/B[206][7]_i_1_n_0 |                  |                6 |              8 |         1.33 |
|  wr_IBUF_BUFG | ALU/B[189][7]_i_1_n_0 |                  |                4 |              8 |         2.00 |
|  wr_IBUF_BUFG | ALU/B[207][7]_i_1_n_0 |                  |                5 |              8 |         1.60 |
|  wr_IBUF_BUFG | ALU/B[200][7]_i_1_n_0 |                  |                6 |              8 |         1.33 |
|  wr_IBUF_BUFG | ALU/B[201][7]_i_1_n_0 |                  |                3 |              8 |         2.67 |
|  wr_IBUF_BUFG | ALU/B[19][7]_i_1_n_0  |                  |                4 |              8 |         2.00 |
|  wr_IBUF_BUFG | ALU/B[158][7]_i_1_n_0 |                  |                4 |              8 |         2.00 |
|  wr_IBUF_BUFG | ALU/B[161][7]_i_1_n_0 |                  |                3 |              8 |         2.67 |
|  wr_IBUF_BUFG | ALU/B[179][7]_i_1_n_0 |                  |                5 |              8 |         1.60 |
|  wr_IBUF_BUFG | ALU/B[185][7]_i_1_n_0 |                  |                5 |              8 |         1.60 |
|  wr_IBUF_BUFG | ALU/B[191][7]_i_1_n_0 |                  |                6 |              8 |         1.33 |
|  wr_IBUF_BUFG | ALU/B[198][7]_i_1_n_0 |                  |                5 |              8 |         1.60 |
|  wr_IBUF_BUFG | ALU/B[178][7]_i_1_n_0 |                  |                4 |              8 |         2.00 |
|  wr_IBUF_BUFG | ALU/B[202][7]_i_1_n_0 |                  |                5 |              8 |         1.60 |
|  wr_IBUF_BUFG | ALU/B[205][7]_i_1_n_0 |                  |                4 |              8 |         2.00 |
|  wr_IBUF_BUFG | ALU/B[173][7]_i_1_n_0 |                  |                4 |              8 |         2.00 |
|  wr_IBUF_BUFG | ALU/B[190][7]_i_1_n_0 |                  |                6 |              8 |         1.33 |
|  wr_IBUF_BUFG | ALU/B[165][7]_i_1_n_0 |                  |                6 |              8 |         1.33 |
|  wr_IBUF_BUFG | ALU/B[170][7]_i_1_n_0 |                  |                5 |              8 |         1.60 |
|  wr_IBUF_BUFG | ALU/B[226][7]_i_1_n_0 |                  |                4 |              8 |         2.00 |
|  wr_IBUF_BUFG | ALU/B[223][7]_i_1_n_0 |                  |                3 |              8 |         2.67 |
|  wr_IBUF_BUFG | ALU/B[235][7]_i_1_n_0 |                  |                3 |              8 |         2.67 |
|  wr_IBUF_BUFG | ALU/B[210][7]_i_1_n_0 |                  |                5 |              8 |         1.60 |
|  wr_IBUF_BUFG | ALU/B[23][7]_i_1_n_0  |                  |                4 |              8 |         2.00 |
|  wr_IBUF_BUFG | ALU/B[240][7]_i_1_n_0 |                  |                6 |              8 |         1.33 |
|  wr_IBUF_BUFG | ALU/B[239][7]_i_1_n_0 |                  |                5 |              8 |         1.60 |
|  wr_IBUF_BUFG | ALU/B[242][7]_i_1_n_0 |                  |                5 |              8 |         1.60 |
|  wr_IBUF_BUFG | ALU/B[244][7]_i_1_n_0 |                  |                4 |              8 |         2.00 |
|  wr_IBUF_BUFG | ALU/B[245][7]_i_1_n_0 |                  |                4 |              8 |         2.00 |
|  wr_IBUF_BUFG | ALU/B[24][7]_i_1_n_0  |                  |                4 |              8 |         2.00 |
|  wr_IBUF_BUFG | ALU/B[249][7]_i_1_n_0 |                  |                4 |              8 |         2.00 |
|  wr_IBUF_BUFG | ALU/B[21][7]_i_1_n_0  |                  |                3 |              8 |         2.67 |
|  wr_IBUF_BUFG | ALU/B[208][7]_i_1_n_0 |                  |                6 |              8 |         1.33 |
|  wr_IBUF_BUFG | ALU/B[257][7]_i_1_n_0 |                  |                4 |              8 |         2.00 |
|  wr_IBUF_BUFG | ALU/B[243][7]_i_1_n_0 |                  |                4 |              8 |         2.00 |
|  wr_IBUF_BUFG | ALU/B[212][7]_i_1_n_0 |                  |                7 |              8 |         1.14 |
|  wr_IBUF_BUFG | ALU/B[220][7]_i_1_n_0 |                  |                5 |              8 |         1.60 |
|  wr_IBUF_BUFG | ALU/B[224][7]_i_1_n_0 |                  |                5 |              8 |         1.60 |
|  wr_IBUF_BUFG | ALU/B[211][7]_i_1_n_0 |                  |                3 |              8 |         2.67 |
|  wr_IBUF_BUFG | ALU/B[229][7]_i_1_n_0 |                  |                3 |              8 |         2.67 |
|  wr_IBUF_BUFG | ALU/B[216][7]_i_1_n_0 |                  |                3 |              8 |         2.67 |
|  wr_IBUF_BUFG | ALU/B[232][7]_i_1_n_0 |                  |                4 |              8 |         2.00 |
|  wr_IBUF_BUFG | ALU/B[215][7]_i_1_n_0 |                  |                4 |              8 |         2.00 |
|  wr_IBUF_BUFG | ALU/B[213][7]_i_1_n_0 |                  |                3 |              8 |         2.67 |
|  wr_IBUF_BUFG | ALU/B[217][7]_i_1_n_0 |                  |                5 |              8 |         1.60 |
|  wr_IBUF_BUFG | ALU/B[218][7]_i_1_n_0 |                  |                3 |              8 |         2.67 |
|  wr_IBUF_BUFG | ALU/B[227][7]_i_1_n_0 |                  |                4 |              8 |         2.00 |
|  wr_IBUF_BUFG | ALU/B[228][7]_i_1_n_0 |                  |                3 |              8 |         2.67 |
|  wr_IBUF_BUFG | ALU/B[22][7]_i_1_n_0  |                  |                5 |              8 |         1.60 |
|  wr_IBUF_BUFG | ALU/B[231][7]_i_1_n_0 |                  |                5 |              8 |         1.60 |
|  wr_IBUF_BUFG | ALU/B[233][7]_i_1_n_0 |                  |                5 |              8 |         1.60 |
|  wr_IBUF_BUFG | ALU/B[225][7]_i_1_n_0 |                  |                4 |              8 |         2.00 |
|  wr_IBUF_BUFG | ALU/B[234][7]_i_1_n_0 |                  |                5 |              8 |         1.60 |
|  wr_IBUF_BUFG | ALU/B[237][7]_i_1_n_0 |                  |                5 |              8 |         1.60 |
|  wr_IBUF_BUFG | ALU/B[238][7]_i_1_n_0 |                  |                4 |              8 |         2.00 |
|  wr_IBUF_BUFG | ALU/B[209][7]_i_1_n_0 |                  |                4 |              8 |         2.00 |
|  wr_IBUF_BUFG | ALU/B[248][7]_i_1_n_0 |                  |                4 |              8 |         2.00 |
|  wr_IBUF_BUFG | ALU/B[236][7]_i_1_n_0 |                  |                3 |              8 |         2.67 |
|  wr_IBUF_BUFG | ALU/B[251][7]_i_1_n_0 |                  |                3 |              8 |         2.67 |
|  wr_IBUF_BUFG | ALU/B[214][7]_i_1_n_0 |                  |                3 |              8 |         2.67 |
|  wr_IBUF_BUFG | ALU/B[230][7]_i_1_n_0 |                  |                6 |              8 |         1.33 |
|  wr_IBUF_BUFG | ALU/B[221][7]_i_1_n_0 |                  |                5 |              8 |         1.60 |
|  wr_IBUF_BUFG | ALU/B[247][7]_i_1_n_0 |                  |                4 |              8 |         2.00 |
|  wr_IBUF_BUFG | ALU/B[252][7]_i_1_n_0 |                  |                5 |              8 |         1.60 |
|  wr_IBUF_BUFG | ALU/B[253][7]_i_1_n_0 |                  |                4 |              8 |         2.00 |
|  wr_IBUF_BUFG | ALU/B[254][7]_i_1_n_0 |                  |                4 |              8 |         2.00 |
|  wr_IBUF_BUFG | ALU/B[250][7]_i_1_n_0 |                  |                3 |              8 |         2.67 |
|  wr_IBUF_BUFG | ALU/B[255][7]_i_1_n_0 |                  |                3 |              8 |         2.67 |
|  wr_IBUF_BUFG | ALU/B[20][7]_i_1_n_0  |                  |                3 |              8 |         2.67 |
|  wr_IBUF_BUFG | ALU/B[241][7]_i_1_n_0 |                  |                3 |              8 |         2.67 |
|  wr_IBUF_BUFG | ALU/B[246][7]_i_1_n_0 |                  |                5 |              8 |         1.60 |
|  wr_IBUF_BUFG | ALU/B[256][7]_i_1_n_0 |                  |                3 |              8 |         2.67 |
|  wr_IBUF_BUFG | ALU/B[258][7]_i_1_n_0 |                  |                4 |              8 |         2.00 |
|  wr_IBUF_BUFG | ALU/B[222][7]_i_1_n_0 |                  |                6 |              8 |         1.33 |
|  wr_IBUF_BUFG | ALU/B[219][7]_i_1_n_0 |                  |                5 |              8 |         1.60 |
|  wr_IBUF_BUFG | ALU/B[296][7]_i_1_n_0 |                  |                4 |              8 |         2.00 |
|  wr_IBUF_BUFG | ALU/B[294][7]_i_1_n_0 |                  |                4 |              8 |         2.00 |
|  wr_IBUF_BUFG | ALU/B[269][7]_i_1_n_0 |                  |                4 |              8 |         2.00 |
|  wr_IBUF_BUFG | ALU/B[271][7]_i_1_n_0 |                  |                3 |              8 |         2.67 |
|  wr_IBUF_BUFG | ALU/B[299][7]_i_1_n_0 |                  |                3 |              8 |         2.67 |
|  wr_IBUF_BUFG | ALU/B[297][7]_i_1_n_0 |                  |                3 |              8 |         2.67 |
|  wr_IBUF_BUFG | ALU/B[263][7]_i_1_n_0 |                  |                2 |              8 |         4.00 |
|  wr_IBUF_BUFG | ALU/B[280][7]_i_1_n_0 |                  |                3 |              8 |         2.67 |
|  wr_IBUF_BUFG | ALU/B[284][7]_i_1_n_0 |                  |                4 |              8 |         2.00 |
|  wr_IBUF_BUFG | ALU/B[273][7]_i_1_n_0 |                  |                5 |              8 |         1.60 |
|  wr_IBUF_BUFG | ALU/B[287][7]_i_1_n_0 |                  |                4 |              8 |         2.00 |
|  wr_IBUF_BUFG | ALU/B[290][7]_i_1_n_0 |                  |                3 |              8 |         2.67 |
|  wr_IBUF_BUFG | ALU/B[286][7]_i_1_n_0 |                  |                3 |              8 |         2.67 |
|  wr_IBUF_BUFG | ALU/B[306][7]_i_1_n_0 |                  |                3 |              8 |         2.67 |
|  wr_IBUF_BUFG | ALU/B[281][7]_i_1_n_0 |                  |                4 |              8 |         2.00 |
|  wr_IBUF_BUFG | ALU/B[262][7]_i_1_n_0 |                  |                5 |              8 |         1.60 |
|  wr_IBUF_BUFG | ALU/B[274][7]_i_1_n_0 |                  |                2 |              8 |         4.00 |
|  wr_IBUF_BUFG | ALU/B[278][7]_i_1_n_0 |                  |                7 |              8 |         1.14 |
|  wr_IBUF_BUFG | ALU/B[283][7]_i_1_n_0 |                  |                3 |              8 |         2.67 |
|  wr_IBUF_BUFG | ALU/B[289][7]_i_1_n_0 |                  |                4 |              8 |         2.00 |
|  wr_IBUF_BUFG | ALU/B[291][7]_i_1_n_0 |                  |                3 |              8 |         2.67 |
|  wr_IBUF_BUFG | ALU/B[295][7]_i_1_n_0 |                  |                3 |              8 |         2.67 |
|  wr_IBUF_BUFG | ALU/B[267][7]_i_1_n_0 |                  |                3 |              8 |         2.67 |
|  wr_IBUF_BUFG | ALU/B[2][7]_i_1_n_0   |                  |                4 |              8 |         2.00 |
|  wr_IBUF_BUFG | ALU/A[7][7]_i_1_n_0   |                  |                3 |              8 |         2.67 |
|  wr_IBUF_BUFG | ALU/B[259][7]_i_1_n_0 |                  |                4 |              8 |         2.00 |
|  wr_IBUF_BUFG | ALU/B[266][7]_i_1_n_0 |                  |                4 |              8 |         2.00 |
|  wr_IBUF_BUFG | ALU/B[272][7]_i_1_n_0 |                  |                3 |              8 |         2.67 |
|  wr_IBUF_BUFG | ALU/B[285][7]_i_1_n_0 |                  |                4 |              8 |         2.00 |
|  wr_IBUF_BUFG | ALU/B[270][7]_i_1_n_0 |                  |                3 |              8 |         2.67 |
|  wr_IBUF_BUFG | ALU/B[300][7]_i_1_n_0 |                  |                6 |              8 |         1.33 |
|  wr_IBUF_BUFG | ALU/B[264][7]_i_1_n_0 |                  |                4 |              8 |         2.00 |
|  wr_IBUF_BUFG | ALU/B[279][7]_i_1_n_0 |                  |                3 |              8 |         2.67 |
|  wr_IBUF_BUFG | ALU/B[27][7]_i_1_n_0  |                  |                2 |              8 |         4.00 |
|  wr_IBUF_BUFG | ALU/B[260][7]_i_1_n_0 |                  |                3 |              8 |         2.67 |
|  wr_IBUF_BUFG | ALU/B[276][7]_i_1_n_0 |                  |                6 |              8 |         1.33 |
|  wr_IBUF_BUFG | ALU/B[298][7]_i_1_n_0 |                  |                4 |              8 |         2.00 |
|  wr_IBUF_BUFG | ALU/B[25][7]_i_1_n_0  |                  |                5 |              8 |         1.60 |
|  wr_IBUF_BUFG | ALU/B[303][7]_i_1_n_0 |                  |                3 |              8 |         2.67 |
|  wr_IBUF_BUFG | ALU/B[304][7]_i_1_n_0 |                  |                3 |              8 |         2.67 |
|  wr_IBUF_BUFG | ALU/B[302][7]_i_1_n_0 |                  |                3 |              8 |         2.67 |
|  wr_IBUF_BUFG | ALU/B[261][7]_i_1_n_0 |                  |                3 |              8 |         2.67 |
|  wr_IBUF_BUFG | ALU/B[292][7]_i_1_n_0 |                  |                5 |              8 |         1.60 |
|  wr_IBUF_BUFG | ALU/B[301][7]_i_1_n_0 |                  |                4 |              8 |         2.00 |
|  wr_IBUF_BUFG | ALU/B[28][7]_i_1_n_0  |                  |                4 |              8 |         2.00 |
|  wr_IBUF_BUFG | ALU/B[305][7]_i_1_n_0 |                  |                3 |              8 |         2.67 |
|  wr_IBUF_BUFG | ALU/B[288][7]_i_1_n_0 |                  |                4 |              8 |         2.00 |
|  wr_IBUF_BUFG | ALU/B[29][7]_i_1_n_0  |                  |                4 |              8 |         2.00 |
|  wr_IBUF_BUFG | ALU/B[307][7]_i_1_n_0 |                  |                5 |              8 |         1.60 |
|  wr_IBUF_BUFG | ALU/B[275][7]_i_1_n_0 |                  |                4 |              8 |         2.00 |
|  wr_IBUF_BUFG | ALU/B[277][7]_i_1_n_0 |                  |                5 |              8 |         1.60 |
|  wr_IBUF_BUFG | ALU/B[308][7]_i_1_n_0 |                  |                2 |              8 |         4.00 |
|  wr_IBUF_BUFG | ALU/B[268][7]_i_1_n_0 |                  |                4 |              8 |         2.00 |
|  wr_IBUF_BUFG | ALU/B[309][7]_i_1_n_0 |                  |                3 |              8 |         2.67 |
|  wr_IBUF_BUFG | ALU/B[265][7]_i_1_n_0 |                  |                3 |              8 |         2.67 |
|  wr_IBUF_BUFG | ALU/B[26][7]_i_1_n_0  |                  |                5 |              8 |         1.60 |
|  wr_IBUF_BUFG | ALU/B[293][7]_i_1_n_0 |                  |                3 |              8 |         2.67 |
|  wr_IBUF_BUFG | ALU/B[320][7]_i_1_n_0 |                  |                4 |              8 |         2.00 |
|  wr_IBUF_BUFG | ALU/B[327][7]_i_1_n_0 |                  |                3 |              8 |         2.67 |
|  wr_IBUF_BUFG | ALU/B[33][7]_i_1_n_0  |                  |                6 |              8 |         1.33 |
|  wr_IBUF_BUFG | ALU/B[329][7]_i_1_n_0 |                  |                4 |              8 |         2.00 |
|  wr_IBUF_BUFG | ALU/B[341][7]_i_1_n_0 |                  |                5 |              8 |         1.60 |
|  wr_IBUF_BUFG | ALU/B[317][7]_i_1_n_0 |                  |                5 |              8 |         1.60 |
|  wr_IBUF_BUFG | ALU/B[321][7]_i_1_n_0 |                  |                3 |              8 |         2.67 |
|  wr_IBUF_BUFG | ALU/B[342][7]_i_1_n_0 |                  |                5 |              8 |         1.60 |
|  wr_IBUF_BUFG | ALU/B[353][7]_i_1_n_0 |                  |                5 |              8 |         1.60 |
|  wr_IBUF_BUFG | ALU/B[336][7]_i_1_n_0 |                  |                4 |              8 |         2.00 |
|  wr_IBUF_BUFG | ALU/B[339][7]_i_1_n_0 |                  |                3 |              8 |         2.67 |
|  wr_IBUF_BUFG | ALU/B[355][7]_i_1_n_0 |                  |                4 |              8 |         2.00 |
|  wr_IBUF_BUFG | ALU/B[356][7]_i_1_n_0 |                  |                3 |              8 |         2.67 |
|  wr_IBUF_BUFG | ALU/B[357][7]_i_1_n_0 |                  |                3 |              8 |         2.67 |
|  wr_IBUF_BUFG | ALU/B[330][7]_i_1_n_0 |                  |                3 |              8 |         2.67 |
|  wr_IBUF_BUFG | ALU/B[340][7]_i_1_n_0 |                  |                7 |              8 |         1.14 |
|  wr_IBUF_BUFG | ALU/B[34][7]_i_1_n_0  |                  |                2 |              8 |         4.00 |
|  wr_IBUF_BUFG | ALU/B[333][7]_i_1_n_0 |                  |                4 |              8 |         2.00 |
|  wr_IBUF_BUFG | ALU/B[358][7]_i_1_n_0 |                  |                5 |              8 |         1.60 |
|  wr_IBUF_BUFG | ALU/B[359][7]_i_1_n_0 |                  |                5 |              8 |         1.60 |
|  wr_IBUF_BUFG | ALU/B[35][7]_i_1_n_0  |                  |                5 |              8 |         1.60 |
|  wr_IBUF_BUFG | ALU/B[310][7]_i_1_n_0 |                  |                4 |              8 |         2.00 |
|  wr_IBUF_BUFG | ALU/B[345][7]_i_1_n_0 |                  |                3 |              8 |         2.67 |
|  wr_IBUF_BUFG | ALU/B[352][7]_i_1_n_0 |                  |                3 |              8 |         2.67 |
|  wr_IBUF_BUFG | ALU/B[354][7]_i_1_n_0 |                  |                6 |              8 |         1.33 |
|  wr_IBUF_BUFG | ALU/B[315][7]_i_1_n_0 |                  |                3 |              8 |         2.67 |
|  wr_IBUF_BUFG | ALU/B[335][7]_i_1_n_0 |                  |                4 |              8 |         2.00 |
|  wr_IBUF_BUFG | ALU/B[326][7]_i_1_n_0 |                  |                6 |              8 |         1.33 |
|  wr_IBUF_BUFG | ALU/B[314][7]_i_1_n_0 |                  |                4 |              8 |         2.00 |
|  wr_IBUF_BUFG | ALU/B[312][7]_i_1_n_0 |                  |                4 |              8 |         2.00 |
|  wr_IBUF_BUFG | ALU/B[318][7]_i_1_n_0 |                  |                3 |              8 |         2.67 |
|  wr_IBUF_BUFG | ALU/B[322][7]_i_1_n_0 |                  |                5 |              8 |         1.60 |
|  wr_IBUF_BUFG | ALU/B[331][7]_i_1_n_0 |                  |                3 |              8 |         2.67 |
|  wr_IBUF_BUFG | ALU/B[313][7]_i_1_n_0 |                  |                2 |              8 |         4.00 |
|  wr_IBUF_BUFG | ALU/B[316][7]_i_1_n_0 |                  |                3 |              8 |         2.67 |
|  wr_IBUF_BUFG | ALU/B[332][7]_i_1_n_0 |                  |                3 |              8 |         2.67 |
|  wr_IBUF_BUFG | ALU/B[334][7]_i_1_n_0 |                  |                5 |              8 |         1.60 |
|  wr_IBUF_BUFG | ALU/B[325][7]_i_1_n_0 |                  |                3 |              8 |         2.67 |
|  wr_IBUF_BUFG | ALU/B[328][7]_i_1_n_0 |                  |                3 |              8 |         2.67 |
|  wr_IBUF_BUFG | ALU/B[30][7]_i_1_n_0  |                  |                4 |              8 |         2.00 |
|  wr_IBUF_BUFG | ALU/B[323][7]_i_1_n_0 |                  |                4 |              8 |         2.00 |
|  wr_IBUF_BUFG | ALU/B[32][7]_i_1_n_0  |                  |                6 |              8 |         1.33 |
|  wr_IBUF_BUFG | ALU/B[337][7]_i_1_n_0 |                  |                5 |              8 |         1.60 |
|  wr_IBUF_BUFG | ALU/B[338][7]_i_1_n_0 |                  |                4 |              8 |         2.00 |
|  wr_IBUF_BUFG | ALU/B[311][7]_i_1_n_0 |                  |                4 |              8 |         2.00 |
|  wr_IBUF_BUFG | ALU/B[344][7]_i_1_n_0 |                  |                3 |              8 |         2.67 |
|  wr_IBUF_BUFG | ALU/B[346][7]_i_1_n_0 |                  |                2 |              8 |         4.00 |
|  wr_IBUF_BUFG | ALU/B[31][7]_i_1_n_0  |                  |                4 |              8 |         2.00 |
|  wr_IBUF_BUFG | ALU/B[347][7]_i_1_n_0 |                  |                4 |              8 |         2.00 |
|  wr_IBUF_BUFG | ALU/B[343][7]_i_1_n_0 |                  |                2 |              8 |         4.00 |
|  wr_IBUF_BUFG | ALU/B[348][7]_i_1_n_0 |                  |                3 |              8 |         2.67 |
|  wr_IBUF_BUFG | ALU/B[349][7]_i_1_n_0 |                  |                4 |              8 |         2.00 |
|  wr_IBUF_BUFG | ALU/B[350][7]_i_1_n_0 |                  |                4 |              8 |         2.00 |
|  wr_IBUF_BUFG | ALU/B[351][7]_i_1_n_0 |                  |                6 |              8 |         1.33 |
|  wr_IBUF_BUFG | ALU/B[319][7]_i_1_n_0 |                  |                3 |              8 |         2.67 |
|  wr_IBUF_BUFG | ALU/B[324][7]_i_1_n_0 |                  |                4 |              8 |         2.00 |
|  wr_IBUF_BUFG | ALU/B[47][7]_i_1_n_0  |                  |                5 |              8 |         1.60 |
|  wr_IBUF_BUFG | ALU/B[384][7]_i_1_n_0 |                  |                6 |              8 |         1.33 |
|  wr_IBUF_BUFG | ALU/B[48][7]_i_1_n_0  |                  |                5 |              8 |         1.60 |
|  wr_IBUF_BUFG | ALU/B[383][7]_i_1_n_0 |                  |                2 |              8 |         4.00 |
|  wr_IBUF_BUFG | ALU/B[49][7]_i_1_n_0  |                  |                5 |              8 |         1.60 |
|  wr_IBUF_BUFG | ALU/B[4][7]_i_1_n_0   |                  |                4 |              8 |         2.00 |
|  wr_IBUF_BUFG | ALU/B[50][7]_i_1_n_0  |                  |                6 |              8 |         1.33 |
|  wr_IBUF_BUFG | ALU/B[397][7]_i_1_n_0 |                  |                4 |              8 |         2.00 |
|  wr_IBUF_BUFG | ALU/B[39][7]_i_1_n_0  |                  |                5 |              8 |         1.60 |
|  wr_IBUF_BUFG | ALU/B[51][7]_i_1_n_0  |                  |                3 |              8 |         2.67 |
|  wr_IBUF_BUFG | ALU/B[374][7]_i_1_n_0 |                  |                4 |              8 |         2.00 |
|  wr_IBUF_BUFG | ALU/B[379][7]_i_1_n_0 |                  |                3 |              8 |         2.67 |
|  wr_IBUF_BUFG | ALU/B[381][7]_i_1_n_0 |                  |                2 |              8 |         4.00 |
|  wr_IBUF_BUFG | ALU/B[38][7]_i_1_n_0  |                  |                4 |              8 |         2.00 |
|  wr_IBUF_BUFG | ALU/B[376][7]_i_1_n_0 |                  |                3 |              8 |         2.67 |
|  wr_IBUF_BUFG | ALU/B[370][7]_i_1_n_0 |                  |                4 |              8 |         2.00 |
|  wr_IBUF_BUFG | ALU/B[385][7]_i_1_n_0 |                  |                3 |              8 |         2.67 |
|  wr_IBUF_BUFG | ALU/B[387][7]_i_1_n_0 |                  |                5 |              8 |         1.60 |
|  wr_IBUF_BUFG | ALU/B[392][7]_i_1_n_0 |                  |                4 |              8 |         2.00 |
|  wr_IBUF_BUFG | ALU/B[395][7]_i_1_n_0 |                  |                5 |              8 |         1.60 |
|  wr_IBUF_BUFG | ALU/B[364][7]_i_1_n_0 |                  |                4 |              8 |         2.00 |
|  wr_IBUF_BUFG | ALU/B[363][7]_i_1_n_0 |                  |                5 |              8 |         1.60 |
|  wr_IBUF_BUFG | ALU/B[365][7]_i_1_n_0 |                  |                4 |              8 |         2.00 |
|  wr_IBUF_BUFG | ALU/B[362][7]_i_1_n_0 |                  |                4 |              8 |         2.00 |
|  wr_IBUF_BUFG | ALU/B[366][7]_i_1_n_0 |                  |                4 |              8 |         2.00 |
|  wr_IBUF_BUFG | ALU/B[371][7]_i_1_n_0 |                  |                4 |              8 |         2.00 |
|  wr_IBUF_BUFG | ALU/B[372][7]_i_1_n_0 |                  |                4 |              8 |         2.00 |
|  wr_IBUF_BUFG | ALU/B[375][7]_i_1_n_0 |                  |                2 |              8 |         4.00 |
|  wr_IBUF_BUFG | ALU/B[380][7]_i_1_n_0 |                  |                5 |              8 |         1.60 |
|  wr_IBUF_BUFG | ALU/B[361][7]_i_1_n_0 |                  |                5 |              8 |         1.60 |
|  wr_IBUF_BUFG | ALU/B[386][7]_i_1_n_0 |                  |                4 |              8 |         2.00 |
|  wr_IBUF_BUFG | ALU/B[367][7]_i_1_n_0 |                  |                5 |              8 |         1.60 |
|  wr_IBUF_BUFG | ALU/B[368][7]_i_1_n_0 |                  |                6 |              8 |         1.33 |
|  wr_IBUF_BUFG | ALU/B[391][7]_i_1_n_0 |                  |                5 |              8 |         1.60 |
|  wr_IBUF_BUFG | ALU/B[396][7]_i_1_n_0 |                  |                5 |              8 |         1.60 |
|  wr_IBUF_BUFG | ALU/B[382][7]_i_1_n_0 |                  |                2 |              8 |         4.00 |
|  wr_IBUF_BUFG | ALU/B[398][7]_i_1_n_0 |                  |                3 |              8 |         2.67 |
|  wr_IBUF_BUFG | ALU/B[37][7]_i_1_n_0  |                  |                2 |              8 |         4.00 |
|  wr_IBUF_BUFG | ALU/B[390][7]_i_1_n_0 |                  |                6 |              8 |         1.33 |
|  wr_IBUF_BUFG | ALU/B[399][7]_i_1_n_0 |                  |                4 |              8 |         2.00 |
|  wr_IBUF_BUFG | ALU/B[3][7]_i_1_n_0   |                  |                6 |              8 |         1.33 |
|  wr_IBUF_BUFG | ALU/B[378][7]_i_1_n_0 |                  |                5 |              8 |         1.60 |
|  wr_IBUF_BUFG | ALU/B[389][7]_i_1_n_0 |                  |                4 |              8 |         2.00 |
|  wr_IBUF_BUFG | ALU/B[393][7]_i_1_n_0 |                  |                8 |              8 |         1.00 |
|  wr_IBUF_BUFG | ALU/B[373][7]_i_1_n_0 |                  |                5 |              8 |         1.60 |
|  wr_IBUF_BUFG | ALU/B[377][7]_i_1_n_0 |                  |                2 |              8 |         4.00 |
|  wr_IBUF_BUFG | ALU/B[36][7]_i_1_n_0  |                  |                4 |              8 |         2.00 |
|  wr_IBUF_BUFG | ALU/B[360][7]_i_1_n_0 |                  |                5 |              8 |         1.60 |
|  wr_IBUF_BUFG | ALU/B[388][7]_i_1_n_0 |                  |                5 |              8 |         1.60 |
|  wr_IBUF_BUFG | ALU/B[41][7]_i_1_n_0  |                  |                5 |              8 |         1.60 |
|  wr_IBUF_BUFG | ALU/B[42][7]_i_1_n_0  |                  |                6 |              8 |         1.33 |
|  wr_IBUF_BUFG | ALU/B[44][7]_i_1_n_0  |                  |                5 |              8 |         1.60 |
|  wr_IBUF_BUFG | ALU/B[45][7]_i_1_n_0  |                  |                3 |              8 |         2.67 |
|  wr_IBUF_BUFG | ALU/B[43][7]_i_1_n_0  |                  |                5 |              8 |         1.60 |
|  wr_IBUF_BUFG | ALU/B[369][7]_i_1_n_0 |                  |                5 |              8 |         1.60 |
|  wr_IBUF_BUFG | ALU/B[40][7]_i_1_n_0  |                  |                6 |              8 |         1.33 |
|  wr_IBUF_BUFG | ALU/B[394][7]_i_1_n_0 |                  |                5 |              8 |         1.60 |
|  wr_IBUF_BUFG | ALU/B[46][7]_i_1_n_0  |                  |                5 |              8 |         1.60 |
|  wr_IBUF_BUFG | ALU/B[94][7]_i_1_n_0  |                  |                6 |              8 |         1.33 |
|  wr_IBUF_BUFG | ALU/B[95][7]_i_1_n_0  |                  |                5 |              8 |         1.60 |
|  wr_IBUF_BUFG | ALU/B[91][7]_i_1_n_0  |                  |                5 |              8 |         1.60 |
|  wr_IBUF_BUFG | ALU/B[97][7]_i_1_n_0  |                  |                4 |              8 |         2.00 |
|  wr_IBUF_BUFG | ALU/B[99][7]_i_1_n_0  |                  |                5 |              8 |         1.60 |
|  wr_IBUF_BUFG | ALU/B[9][7]_i_1_n_0   |                  |                5 |              8 |         1.60 |
|  wr_IBUF_BUFG | ALU/B[75][7]_i_1_n_0  |                  |                5 |              8 |         1.60 |
|  wr_IBUF_BUFG | ALU/B[61][7]_i_1_n_0  |                  |                5 |              8 |         1.60 |
|  wr_IBUF_BUFG | ALU/B[96][7]_i_1_n_0  |                  |                5 |              8 |         1.60 |
|  wr_IBUF_BUFG | ALU/B[98][7]_i_1_n_0  |                  |                3 |              8 |         2.67 |
|  wr_IBUF_BUFG | ALU/B[83][7]_i_1_n_0  |                  |                7 |              8 |         1.14 |
|  wr_IBUF_BUFG | ALU/B[81][7]_i_1_n_0  |                  |                3 |              8 |         2.67 |
|  wr_IBUF_BUFG | ALU/B[80][7]_i_1_n_0  |                  |                3 |              8 |         2.67 |
|  wr_IBUF_BUFG | ALU/B[64][7]_i_1_n_0  |                  |                5 |              8 |         1.60 |
|  wr_IBUF_BUFG | ALU/B[53][7]_i_1_n_0  |                  |                4 |              8 |         2.00 |
|  wr_IBUF_BUFG | ALU/B[52][7]_i_1_n_0  |                  |                3 |              8 |         2.67 |
|  wr_IBUF_BUFG | ALU/B[54][7]_i_1_n_0  |                  |                5 |              8 |         1.60 |
|  wr_IBUF_BUFG | ALU/B[55][7]_i_1_n_0  |                  |                5 |              8 |         1.60 |
|  wr_IBUF_BUFG | ALU/B[58][7]_i_1_n_0  |                  |                3 |              8 |         2.67 |
|  wr_IBUF_BUFG | ALU/B[69][7]_i_1_n_0  |                  |                4 |              8 |         2.00 |
|  wr_IBUF_BUFG | ALU/B[63][7]_i_1_n_0  |                  |                3 |              8 |         2.67 |
|  wr_IBUF_BUFG | ALU/B[57][7]_i_1_n_0  |                  |                5 |              8 |         1.60 |
|  wr_IBUF_BUFG | ALU/B[70][7]_i_1_n_0  |                  |                3 |              8 |         2.67 |
|  wr_IBUF_BUFG | ALU/B[79][7]_i_1_n_0  |                  |                6 |              8 |         1.33 |
|  wr_IBUF_BUFG | ALU/B[7][7]_i_1_n_0   |                  |                5 |              8 |         1.60 |
|  wr_IBUF_BUFG | ALU/B[84][7]_i_1_n_0  |                  |                3 |              8 |         2.67 |
|  wr_IBUF_BUFG | ALU/B[85][7]_i_1_n_0  |                  |                4 |              8 |         2.00 |
|  wr_IBUF_BUFG | ALU/B[86][7]_i_1_n_0  |                  |                6 |              8 |         1.33 |
|  wr_IBUF_BUFG | ALU/B[87][7]_i_1_n_0  |                  |                4 |              8 |         2.00 |
|  wr_IBUF_BUFG | ALU/B[89][7]_i_1_n_0  |                  |                3 |              8 |         2.67 |
|  wr_IBUF_BUFG | ALU/B[8][7]_i_1_n_0   |                  |                5 |              8 |         1.60 |
|  wr_IBUF_BUFG | ALU/B[62][7]_i_1_n_0  |                  |                3 |              8 |         2.67 |
|  wr_IBUF_BUFG | ALU/B[82][7]_i_1_n_0  |                  |                6 |              8 |         1.33 |
|  wr_IBUF_BUFG | ALU/B[6][7]_i_1_n_0   |                  |                6 |              8 |         1.33 |
|  wr_IBUF_BUFG | ALU/B[71][7]_i_1_n_0  |                  |                5 |              8 |         1.60 |
|  wr_IBUF_BUFG | ALU/B[90][7]_i_1_n_0  |                  |                6 |              8 |         1.33 |
|  wr_IBUF_BUFG | ALU/B[60][7]_i_1_n_0  |                  |                4 |              8 |         2.00 |
|  wr_IBUF_BUFG | ALU/B[68][7]_i_1_n_0  |                  |                3 |              8 |         2.67 |
|  wr_IBUF_BUFG | ALU/B[5][7]_i_1_n_0   |                  |                4 |              8 |         2.00 |
|  wr_IBUF_BUFG | ALU/B[65][7]_i_1_n_0  |                  |                6 |              8 |         1.33 |
|  wr_IBUF_BUFG | ALU/B[72][7]_i_1_n_0  |                  |                4 |              8 |         2.00 |
|  wr_IBUF_BUFG | ALU/B[73][7]_i_1_n_0  |                  |                5 |              8 |         1.60 |
|  wr_IBUF_BUFG | ALU/B[77][7]_i_1_n_0  |                  |                5 |              8 |         1.60 |
|  wr_IBUF_BUFG | ALU/B[88][7]_i_1_n_0  |                  |                5 |              8 |         1.60 |
|  wr_IBUF_BUFG | ALU/B[92][7]_i_1_n_0  |                  |                3 |              8 |         2.67 |
|  wr_IBUF_BUFG | ALU/B[74][7]_i_1_n_0  |                  |                4 |              8 |         2.00 |
|  wr_IBUF_BUFG | ALU/B[67][7]_i_1_n_0  |                  |                4 |              8 |         2.00 |
|  wr_IBUF_BUFG | ALU/B[66][7]_i_1_n_0  |                  |                5 |              8 |         1.60 |
|  wr_IBUF_BUFG | ALU/B[59][7]_i_1_n_0  |                  |                5 |              8 |         1.60 |
|  wr_IBUF_BUFG | ALU/B[78][7]_i_1_n_0  |                  |                5 |              8 |         1.60 |
|  wr_IBUF_BUFG | ALU/B[56][7]_i_1_n_0  |                  |                6 |              8 |         1.33 |
|  wr_IBUF_BUFG | ALU/B[93][7]_i_1_n_0  |                  |                4 |              8 |         2.00 |
|  wr_IBUF_BUFG | ALU/B[76][7]_i_1_n_0  |                  |                4 |              8 |         2.00 |
|  wr_IBUF_BUFG | ALU/CEB2              |                  |                4 |              8 |         2.00 |
|  wr_IBUF_BUFG | ALU/CEA2              |                  |                6 |              8 |         1.33 |
|  wr_IBUF_BUFG | ALU/A[131][7]_i_1_n_0 |                  |                5 |              8 |         1.60 |
|  wr_IBUF_BUFG | ALU/A[101][7]_i_1_n_0 |                  |                4 |              8 |         2.00 |
|  wr_IBUF_BUFG | ALU/A[102][7]_i_1_n_0 |                  |                3 |              8 |         2.67 |
|  wr_IBUF_BUFG | ALU/A[108][7]_i_1_n_0 |                  |                6 |              8 |         1.33 |
|  wr_IBUF_BUFG | ALU/A[109][7]_i_1_n_0 |                  |                3 |              8 |         2.67 |
|  wr_IBUF_BUFG | ALU/A[10][7]_i_1_n_0  |                  |                6 |              8 |         1.33 |
|  wr_IBUF_BUFG | ALU/A[119][7]_i_1_n_0 |                  |                4 |              8 |         2.00 |
|  wr_IBUF_BUFG | ALU/A[103][7]_i_1_n_0 |                  |                5 |              8 |         1.60 |
|  wr_IBUF_BUFG | ALU/A[106][7]_i_1_n_0 |                  |                4 |              8 |         2.00 |
|  wr_IBUF_BUFG | ALU/A[110][7]_i_1_n_0 |                  |                2 |              8 |         4.00 |
|  wr_IBUF_BUFG | ALU/A[113][7]_i_1_n_0 |                  |                3 |              8 |         2.67 |
|  wr_IBUF_BUFG | ALU/A[11][7]_i_1_n_0  |                  |                4 |              8 |         2.00 |
|  wr_IBUF_BUFG | ALU/A[120][7]_i_1_n_0 |                  |                4 |              8 |         2.00 |
|  wr_IBUF_BUFG | ALU/A[125][7]_i_1_n_0 |                  |                6 |              8 |         1.33 |
|  wr_IBUF_BUFG | ALU/A[126][7]_i_1_n_0 |                  |                3 |              8 |         2.67 |
|  wr_IBUF_BUFG | ALU/A[105][7]_i_1_n_0 |                  |                4 |              8 |         2.00 |
|  wr_IBUF_BUFG | ALU/A[107][7]_i_1_n_0 |                  |                5 |              8 |         1.60 |
|  wr_IBUF_BUFG | ALU/A[112][7]_i_1_n_0 |                  |                4 |              8 |         2.00 |
|  wr_IBUF_BUFG | ALU/A[114][7]_i_1_n_0 |                  |                3 |              8 |         2.67 |
|  wr_IBUF_BUFG | ALU/A[123][7]_i_1_n_0 |                  |                4 |              8 |         2.00 |
|  wr_IBUF_BUFG | ALU/A[122][7]_i_1_n_0 |                  |                4 |              8 |         2.00 |
|  wr_IBUF_BUFG | ALU/A[124][7]_i_1_n_0 |                  |                3 |              8 |         2.67 |
|  wr_IBUF_BUFG | ALU/A[133][7]_i_1_n_0 |                  |                5 |              8 |         1.60 |
|  wr_IBUF_BUFG | ALU/A[129][7]_i_1_n_0 |                  |                2 |              8 |         4.00 |
|  wr_IBUF_BUFG | ALU/A[134][7]_i_1_n_0 |                  |                4 |              8 |         2.00 |
|  wr_IBUF_BUFG | ALU/A[135][7]_i_1_n_0 |                  |                3 |              8 |         2.67 |
|  wr_IBUF_BUFG | ALU/A[117][7]_i_1_n_0 |                  |                4 |              8 |         2.00 |
|  wr_IBUF_BUFG | ALU/A[136][7]_i_1_n_0 |                  |                2 |              8 |         4.00 |
|  wr_IBUF_BUFG | ALU/A[137][7]_i_1_n_0 |                  |                5 |              8 |         1.60 |
|  wr_IBUF_BUFG | ALU/A[0][7]_i_1_n_0   |                  |                5 |              8 |         1.60 |
|  wr_IBUF_BUFG | ALU/A[138][7]_i_1_n_0 |                  |                4 |              8 |         2.00 |
|  wr_IBUF_BUFG | ALU/A[139][7]_i_1_n_0 |                  |                4 |              8 |         2.00 |
|  wr_IBUF_BUFG | ALU/A[104][7]_i_1_n_0 |                  |                4 |              8 |         2.00 |
|  wr_IBUF_BUFG | ALU/A[100][7]_i_1_n_0 |                  |                4 |              8 |         2.00 |
|  wr_IBUF_BUFG | ALU/A[111][7]_i_1_n_0 |                  |                4 |              8 |         2.00 |
|  wr_IBUF_BUFG | ALU/A[121][7]_i_1_n_0 |                  |                3 |              8 |         2.67 |
|  wr_IBUF_BUFG | ALU/A[118][7]_i_1_n_0 |                  |                4 |              8 |         2.00 |
|  wr_IBUF_BUFG | ALU/A[127][7]_i_1_n_0 |                  |                3 |              8 |         2.67 |
|  wr_IBUF_BUFG | ALU/A[128][7]_i_1_n_0 |                  |                5 |              8 |         1.60 |
|  wr_IBUF_BUFG | ALU/A[132][7]_i_1_n_0 |                  |                3 |              8 |         2.67 |
|  wr_IBUF_BUFG | ALU/A[13][7]_i_1_n_0  |                  |                4 |              8 |         2.00 |
|  wr_IBUF_BUFG | ALU/A[115][7]_i_1_n_0 |                  |                3 |              8 |         2.67 |
|  wr_IBUF_BUFG | ALU/A[116][7]_i_1_n_0 |                  |                5 |              8 |         1.60 |
|  wr_IBUF_BUFG | ALU/A[140][7]_i_1_n_0 |                  |                2 |              8 |         4.00 |
|  wr_IBUF_BUFG | ALU/A[12][7]_i_1_n_0  |                  |                4 |              8 |         2.00 |
|  wr_IBUF_BUFG | ALU/A[130][7]_i_1_n_0 |                  |                4 |              8 |         2.00 |
|  wr_IBUF_BUFG | ALU/A[149][7]_i_1_n_0 |                  |                3 |              8 |         2.67 |
|  wr_IBUF_BUFG | ALU/A[164][7]_i_1_n_0 |                  |                4 |              8 |         2.00 |
|  wr_IBUF_BUFG | ALU/A[162][7]_i_1_n_0 |                  |                4 |              8 |         2.00 |
|  wr_IBUF_BUFG | ALU/A[150][7]_i_1_n_0 |                  |                5 |              8 |         1.60 |
|  wr_IBUF_BUFG | ALU/A[174][7]_i_1_n_0 |                  |                6 |              8 |         1.33 |
|  wr_IBUF_BUFG | ALU/A[177][7]_i_1_n_0 |                  |                5 |              8 |         1.60 |
|  wr_IBUF_BUFG | ALU/A[180][7]_i_1_n_0 |                  |                3 |              8 |         2.67 |
|  wr_IBUF_BUFG | ALU/A[154][7]_i_1_n_0 |                  |                7 |              8 |         1.14 |
|  wr_IBUF_BUFG | ALU/A[152][7]_i_1_n_0 |                  |                3 |              8 |         2.67 |
|  wr_IBUF_BUFG | ALU/A[157][7]_i_1_n_0 |                  |                4 |              8 |         2.00 |
|  wr_IBUF_BUFG | ALU/A[158][7]_i_1_n_0 |                  |                3 |              8 |         2.67 |
|  wr_IBUF_BUFG | ALU/A[172][7]_i_1_n_0 |                  |                5 |              8 |         1.60 |
|  wr_IBUF_BUFG | ALU/A[151][7]_i_1_n_0 |                  |                4 |              8 |         2.00 |
|  wr_IBUF_BUFG | ALU/A[156][7]_i_1_n_0 |                  |                4 |              8 |         2.00 |
|  wr_IBUF_BUFG | ALU/A[169][7]_i_1_n_0 |                  |                3 |              8 |         2.67 |
|  wr_IBUF_BUFG | ALU/A[181][7]_i_1_n_0 |                  |                3 |              8 |         2.67 |
|  wr_IBUF_BUFG | ALU/A[187][7]_i_1_n_0 |                  |                5 |              8 |         1.60 |
|  wr_IBUF_BUFG | ALU/A[191][7]_i_1_n_0 |                  |                4 |              8 |         2.00 |
|  wr_IBUF_BUFG | ALU/A[192][7]_i_1_n_0 |                  |                4 |              8 |         2.00 |
|  wr_IBUF_BUFG | ALU/A[193][7]_i_1_n_0 |                  |                6 |              8 |         1.33 |
|  wr_IBUF_BUFG | ALU/A[194][7]_i_1_n_0 |                  |                4 |              8 |         2.00 |
|  wr_IBUF_BUFG | ALU/A[195][7]_i_1_n_0 |                  |                3 |              8 |         2.67 |
|  wr_IBUF_BUFG | ALU/A[178][7]_i_1_n_0 |                  |                5 |              8 |         1.60 |
|  wr_IBUF_BUFG | ALU/A[160][7]_i_1_n_0 |                  |                4 |              8 |         2.00 |
|  wr_IBUF_BUFG | ALU/A[15][7]_i_1_n_0  |                  |                5 |              8 |         1.60 |
|  wr_IBUF_BUFG | ALU/A[197][7]_i_1_n_0 |                  |                3 |              8 |         2.67 |
|  wr_IBUF_BUFG | ALU/A[198][7]_i_1_n_0 |                  |                5 |              8 |         1.60 |
|  wr_IBUF_BUFG | ALU/A[199][7]_i_1_n_0 |                  |                4 |              8 |         2.00 |
|  wr_IBUF_BUFG | ALU/A[186][7]_i_1_n_0 |                  |                4 |              8 |         2.00 |
|  wr_IBUF_BUFG | ALU/A[144][7]_i_1_n_0 |                  |                5 |              8 |         1.60 |
|  wr_IBUF_BUFG | ALU/A[184][7]_i_1_n_0 |                  |                4 |              8 |         2.00 |
|  wr_IBUF_BUFG | ALU/A[168][7]_i_1_n_0 |                  |                4 |              8 |         2.00 |
|  wr_IBUF_BUFG | ALU/A[196][7]_i_1_n_0 |                  |                3 |              8 |         2.67 |
|  wr_IBUF_BUFG | ALU/A[166][7]_i_1_n_0 |                  |                6 |              8 |         1.33 |
|  wr_IBUF_BUFG | ALU/A[161][7]_i_1_n_0 |                  |                6 |              8 |         1.33 |
|  wr_IBUF_BUFG | ALU/A[176][7]_i_1_n_0 |                  |                5 |              8 |         1.60 |
|  wr_IBUF_BUFG | ALU/A[188][7]_i_1_n_0 |                  |                5 |              8 |         1.60 |
|  wr_IBUF_BUFG | ALU/A[171][7]_i_1_n_0 |                  |                4 |              8 |         2.00 |
|  wr_IBUF_BUFG | ALU/A[183][7]_i_1_n_0 |                  |                5 |              8 |         1.60 |
|  wr_IBUF_BUFG | ALU/A[182][7]_i_1_n_0 |                  |                4 |              8 |         2.00 |
|  wr_IBUF_BUFG | ALU/A[189][7]_i_1_n_0 |                  |                4 |              8 |         2.00 |
|  wr_IBUF_BUFG | ALU/A[147][7]_i_1_n_0 |                  |                3 |              8 |         2.67 |
|  wr_IBUF_BUFG | ALU/A[179][7]_i_1_n_0 |                  |                3 |              8 |         2.67 |
|  wr_IBUF_BUFG | ALU/A[18][7]_i_1_n_0  |                  |                3 |              8 |         2.67 |
|  wr_IBUF_BUFG | ALU/A[170][7]_i_1_n_0 |                  |                4 |              8 |         2.00 |
|  wr_IBUF_BUFG | ALU/A[175][7]_i_1_n_0 |                  |                3 |              8 |         2.67 |
|  wr_IBUF_BUFG | ALU/A[190][7]_i_1_n_0 |                  |                4 |              8 |         2.00 |
|  wr_IBUF_BUFG | ALU/A[173][7]_i_1_n_0 |                  |                4 |              8 |         2.00 |
|  wr_IBUF_BUFG | ALU/A[146][7]_i_1_n_0 |                  |                6 |              8 |         1.33 |
|  wr_IBUF_BUFG | ALU/A[155][7]_i_1_n_0 |                  |                4 |              8 |         2.00 |
|  wr_IBUF_BUFG | ALU/A[159][7]_i_1_n_0 |                  |                3 |              8 |         2.67 |
|  wr_IBUF_BUFG | ALU/A[16][7]_i_1_n_0  |                  |                4 |              8 |         2.00 |
|  wr_IBUF_BUFG | ALU/A[145][7]_i_1_n_0 |                  |                7 |              8 |         1.14 |
|  wr_IBUF_BUFG | ALU/A[163][7]_i_1_n_0 |                  |                2 |              8 |         4.00 |
|  wr_IBUF_BUFG | ALU/A[14][7]_i_1_n_0  |                  |                5 |              8 |         1.60 |
|  wr_IBUF_BUFG | ALU/A[142][7]_i_1_n_0 |                  |                5 |              8 |         1.60 |
|  wr_IBUF_BUFG | ALU/A[148][7]_i_1_n_0 |                  |                5 |              8 |         1.60 |
|  wr_IBUF_BUFG | ALU/A[165][7]_i_1_n_0 |                  |                3 |              8 |         2.67 |
|  wr_IBUF_BUFG | ALU/A[167][7]_i_1_n_0 |                  |                4 |              8 |         2.00 |
|  wr_IBUF_BUFG | ALU/A[17][7]_i_1_n_0  |                  |                4 |              8 |         2.00 |
|  wr_IBUF_BUFG | ALU/A[143][7]_i_1_n_0 |                  |                5 |              8 |         1.60 |
|  wr_IBUF_BUFG | ALU/A[153][7]_i_1_n_0 |                  |                4 |              8 |         2.00 |
|  wr_IBUF_BUFG | ALU/A[185][7]_i_1_n_0 |                  |                4 |              8 |         2.00 |
|  wr_IBUF_BUFG | ALU/A[141][7]_i_1_n_0 |                  |                4 |              8 |         2.00 |
|  wr_IBUF_BUFG | ALU/A[201][7]_i_1_n_0 |                  |                4 |              8 |         2.00 |
|  wr_IBUF_BUFG | ALU/A[223][7]_i_1_n_0 |                  |                4 |              8 |         2.00 |
|  wr_IBUF_BUFG | ALU/A[205][7]_i_1_n_0 |                  |                4 |              8 |         2.00 |
|  wr_IBUF_BUFG | ALU/A[210][7]_i_1_n_0 |                  |                6 |              8 |         1.33 |
|  wr_IBUF_BUFG | ALU/A[217][7]_i_1_n_0 |                  |                3 |              8 |         2.67 |
|  wr_IBUF_BUFG | ALU/A[22][7]_i_1_n_0  |                  |                5 |              8 |         1.60 |
|  wr_IBUF_BUFG | ALU/A[230][7]_i_1_n_0 |                  |                5 |              8 |         1.60 |
|  wr_IBUF_BUFG | ALU/A[20][7]_i_1_n_0  |                  |                6 |              8 |         1.33 |
|  wr_IBUF_BUFG | ALU/A[226][7]_i_1_n_0 |                  |                4 |              8 |         2.00 |
|  wr_IBUF_BUFG | ALU/A[235][7]_i_1_n_0 |                  |                4 |              8 |         2.00 |
|  wr_IBUF_BUFG | ALU/A[231][7]_i_1_n_0 |                  |                2 |              8 |         4.00 |
|  wr_IBUF_BUFG | ALU/A[23][7]_i_1_n_0  |                  |                3 |              8 |         2.67 |
|  wr_IBUF_BUFG | ALU/A[228][7]_i_1_n_0 |                  |                3 |              8 |         2.67 |
|  wr_IBUF_BUFG | ALU/A[236][7]_i_1_n_0 |                  |                5 |              8 |         1.60 |
|  wr_IBUF_BUFG | ALU/A[212][7]_i_1_n_0 |                  |                4 |              8 |         2.00 |
|  wr_IBUF_BUFG | ALU/A[241][7]_i_1_n_0 |                  |                2 |              8 |         4.00 |
|  wr_IBUF_BUFG | ALU/A[233][7]_i_1_n_0 |                  |                4 |              8 |         2.00 |
|  wr_IBUF_BUFG | ALU/A[242][7]_i_1_n_0 |                  |                5 |              8 |         1.60 |
|  wr_IBUF_BUFG | ALU/A[243][7]_i_1_n_0 |                  |                4 |              8 |         2.00 |
|  wr_IBUF_BUFG | ALU/A[240][7]_i_1_n_0 |                  |                4 |              8 |         2.00 |
|  wr_IBUF_BUFG | ALU/A[244][7]_i_1_n_0 |                  |                3 |              8 |         2.67 |
|  wr_IBUF_BUFG | ALU/A[245][7]_i_1_n_0 |                  |                3 |              8 |         2.67 |
|  wr_IBUF_BUFG | ALU/A[202][7]_i_1_n_0 |                  |                4 |              8 |         2.00 |
|  wr_IBUF_BUFG | ALU/A[221][7]_i_1_n_0 |                  |                4 |              8 |         2.00 |
|  wr_IBUF_BUFG | ALU/A[207][7]_i_1_n_0 |                  |                4 |              8 |         2.00 |
|  wr_IBUF_BUFG | ALU/A[229][7]_i_1_n_0 |                  |                4 |              8 |         2.00 |
|  wr_IBUF_BUFG | ALU/A[247][7]_i_1_n_0 |                  |                2 |              8 |         4.00 |
|  wr_IBUF_BUFG | ALU/A[249][7]_i_1_n_0 |                  |                2 |              8 |         4.00 |
|  wr_IBUF_BUFG | ALU/A[248][7]_i_1_n_0 |                  |                4 |              8 |         2.00 |
|  wr_IBUF_BUFG | ALU/A[24][7]_i_1_n_0  |                  |                4 |              8 |         2.00 |
|  wr_IBUF_BUFG | ALU/A[239][7]_i_1_n_0 |                  |                4 |              8 |         2.00 |
|  wr_IBUF_BUFG | ALU/A[250][7]_i_1_n_0 |                  |                4 |              8 |         2.00 |
|  wr_IBUF_BUFG | ALU/A[251][7]_i_1_n_0 |                  |                3 |              8 |         2.67 |
|  wr_IBUF_BUFG | ALU/A[219][7]_i_1_n_0 |                  |                4 |              8 |         2.00 |
|  wr_IBUF_BUFG | ALU/A[252][7]_i_1_n_0 |                  |                3 |              8 |         2.67 |
|  wr_IBUF_BUFG | ALU/A[253][7]_i_1_n_0 |                  |                4 |              8 |         2.00 |
|  wr_IBUF_BUFG | ALU/A[246][7]_i_1_n_0 |                  |                4 |              8 |         2.00 |
|  wr_IBUF_BUFG | ALU/A[254][7]_i_1_n_0 |                  |                5 |              8 |         1.60 |
|  wr_IBUF_BUFG | ALU/A[211][7]_i_1_n_0 |                  |                4 |              8 |         2.00 |
|  wr_IBUF_BUFG | ALU/A[234][7]_i_1_n_0 |                  |                5 |              8 |         1.60 |
|  wr_IBUF_BUFG | ALU/A[255][7]_i_1_n_0 |                  |                6 |              8 |         1.33 |
|  wr_IBUF_BUFG | ALU/A[256][7]_i_1_n_0 |                  |                4 |              8 |         2.00 |
|  wr_IBUF_BUFG | ALU/A[257][7]_i_1_n_0 |                  |                3 |              8 |         2.67 |
|  wr_IBUF_BUFG | ALU/A[19][7]_i_1_n_0  |                  |                3 |              8 |         2.67 |
|  wr_IBUF_BUFG | ALU/A[209][7]_i_1_n_0 |                  |                4 |              8 |         2.00 |
|  wr_IBUF_BUFG | ALU/A[203][7]_i_1_n_0 |                  |                3 |              8 |         2.67 |
|  wr_IBUF_BUFG | ALU/A[215][7]_i_1_n_0 |                  |                5 |              8 |         1.60 |
|  wr_IBUF_BUFG | ALU/A[222][7]_i_1_n_0 |                  |                4 |              8 |         2.00 |
|  wr_IBUF_BUFG | ALU/A[224][7]_i_1_n_0 |                  |                3 |              8 |         2.67 |
|  wr_IBUF_BUFG | ALU/A[227][7]_i_1_n_0 |                  |                4 |              8 |         2.00 |
|  wr_IBUF_BUFG | ALU/A[204][7]_i_1_n_0 |                  |                4 |              8 |         2.00 |
|  wr_IBUF_BUFG | ALU/A[216][7]_i_1_n_0 |                  |                3 |              8 |         2.67 |
|  wr_IBUF_BUFG | ALU/A[206][7]_i_1_n_0 |                  |                5 |              8 |         1.60 |
|  wr_IBUF_BUFG | ALU/A[218][7]_i_1_n_0 |                  |                3 |              8 |         2.67 |
|  wr_IBUF_BUFG | ALU/A[237][7]_i_1_n_0 |                  |                5 |              8 |         1.60 |
|  wr_IBUF_BUFG | ALU/A[213][7]_i_1_n_0 |                  |                6 |              8 |         1.33 |
|  wr_IBUF_BUFG | ALU/A[232][7]_i_1_n_0 |                  |                3 |              8 |         2.67 |
|  wr_IBUF_BUFG | ALU/A[208][7]_i_1_n_0 |                  |                3 |              8 |         2.67 |
|  wr_IBUF_BUFG | ALU/A[238][7]_i_1_n_0 |                  |                4 |              8 |         2.00 |
|  wr_IBUF_BUFG | ALU/A[200][7]_i_1_n_0 |                  |                5 |              8 |         1.60 |
|  wr_IBUF_BUFG | ALU/A[214][7]_i_1_n_0 |                  |                3 |              8 |         2.67 |
|  wr_IBUF_BUFG | ALU/A[225][7]_i_1_n_0 |                  |                3 |              8 |         2.67 |
|  wr_IBUF_BUFG | ALU/A[21][7]_i_1_n_0  |                  |                4 |              8 |         2.00 |
|  wr_IBUF_BUFG | ALU/A[220][7]_i_1_n_0 |                  |                3 |              8 |         2.67 |
|  wr_IBUF_BUFG | ALU/A[291][7]_i_1_n_0 |                  |                3 |              8 |         2.67 |
|  wr_IBUF_BUFG | ALU/A[2][7]_i_1_n_0   |                  |                4 |              8 |         2.00 |
|  wr_IBUF_BUFG | ALU/A[265][7]_i_1_n_0 |                  |                3 |              8 |         2.67 |
|  wr_IBUF_BUFG | ALU/A[271][7]_i_1_n_0 |                  |                5 |              8 |         1.60 |
|  wr_IBUF_BUFG | ALU/A[298][7]_i_1_n_0 |                  |                2 |              8 |         4.00 |
|  wr_IBUF_BUFG | ALU/A[301][7]_i_1_n_0 |                  |                4 |              8 |         2.00 |
|  wr_IBUF_BUFG | ALU/A[293][7]_i_1_n_0 |                  |                5 |              8 |         1.60 |
|  wr_IBUF_BUFG | ALU/A[300][7]_i_1_n_0 |                  |                4 |              8 |         2.00 |
|  wr_IBUF_BUFG | ALU/A[25][7]_i_1_n_0  |                  |                4 |              8 |         2.00 |
|  wr_IBUF_BUFG | ALU/A[304][7]_i_1_n_0 |                  |                5 |              8 |         1.60 |
|  wr_IBUF_BUFG | ALU/A[284][7]_i_1_n_0 |                  |                5 |              8 |         1.60 |
|  wr_IBUF_BUFG | ALU/A[308][7]_i_1_n_0 |                  |                3 |              8 |         2.67 |
|  wr_IBUF_BUFG | ALU/A[288][7]_i_1_n_0 |                  |                6 |              8 |         1.33 |
|  wr_IBUF_BUFG | ALU/A[309][7]_i_1_n_0 |                  |                3 |              8 |         2.67 |
|  wr_IBUF_BUFG | ALU/A[267][7]_i_1_n_0 |                  |                5 |              8 |         1.60 |
|  wr_IBUF_BUFG | ALU/A[310][7]_i_1_n_0 |                  |                4 |              8 |         2.00 |
|  wr_IBUF_BUFG | ALU/A[273][7]_i_1_n_0 |                  |                4 |              8 |         2.00 |
|  wr_IBUF_BUFG | ALU/A[311][7]_i_1_n_0 |                  |                2 |              8 |         4.00 |
|  wr_IBUF_BUFG | ALU/A[29][7]_i_1_n_0  |                  |                3 |              8 |         2.67 |
|  wr_IBUF_BUFG | ALU/A[285][7]_i_1_n_0 |                  |                3 |              8 |         2.67 |
|  wr_IBUF_BUFG | ALU/A[276][7]_i_1_n_0 |                  |                5 |              8 |         1.60 |
|  wr_IBUF_BUFG | ALU/A[286][7]_i_1_n_0 |                  |                5 |              8 |         1.60 |
|  wr_IBUF_BUFG | ALU/A[306][7]_i_1_n_0 |                  |                3 |              8 |         2.67 |
|  wr_IBUF_BUFG | ALU/A[312][7]_i_1_n_0 |                  |                2 |              8 |         4.00 |
|  wr_IBUF_BUFG | ALU/A[313][7]_i_1_n_0 |                  |                3 |              8 |         2.67 |
|  wr_IBUF_BUFG | ALU/A[30][7]_i_1_n_0  |                  |                3 |              8 |         2.67 |
|  wr_IBUF_BUFG | ALU/A[303][7]_i_1_n_0 |                  |                4 |              8 |         2.00 |
|  wr_IBUF_BUFG | ALU/A[314][7]_i_1_n_0 |                  |                3 |              8 |         2.67 |
|  wr_IBUF_BUFG | ALU/A[262][7]_i_1_n_0 |                  |                3 |              8 |         2.67 |
|  wr_IBUF_BUFG | ALU/A[26][7]_i_1_n_0  |                  |                5 |              8 |         1.60 |
|  wr_IBUF_BUFG | ALU/A[274][7]_i_1_n_0 |                  |                3 |              8 |         2.67 |
|  wr_IBUF_BUFG | ALU/A[275][7]_i_1_n_0 |                  |                5 |              8 |         1.60 |
|  wr_IBUF_BUFG | ALU/A[277][7]_i_1_n_0 |                  |                3 |              8 |         2.67 |
|  wr_IBUF_BUFG | ALU/A[258][7]_i_1_n_0 |                  |                5 |              8 |         1.60 |
|  wr_IBUF_BUFG | ALU/A[279][7]_i_1_n_0 |                  |                3 |              8 |         2.67 |
|  wr_IBUF_BUFG | ALU/A[281][7]_i_1_n_0 |                  |                4 |              8 |         2.00 |
|  wr_IBUF_BUFG | ALU/A[264][7]_i_1_n_0 |                  |                4 |              8 |         2.00 |
|  wr_IBUF_BUFG | ALU/A[27][7]_i_1_n_0  |                  |                4 |              8 |         2.00 |
|  wr_IBUF_BUFG | ALU/A[266][7]_i_1_n_0 |                  |                3 |              8 |         2.67 |
|  wr_IBUF_BUFG | ALU/A[287][7]_i_1_n_0 |                  |                4 |              8 |         2.00 |
|  wr_IBUF_BUFG | ALU/A[290][7]_i_1_n_0 |                  |                4 |              8 |         2.00 |
|  wr_IBUF_BUFG | ALU/A[294][7]_i_1_n_0 |                  |                5 |              8 |         1.60 |
|  wr_IBUF_BUFG | ALU/A[302][7]_i_1_n_0 |                  |                3 |              8 |         2.67 |
|  wr_IBUF_BUFG | ALU/A[305][7]_i_1_n_0 |                  |                3 |              8 |         2.67 |
|  wr_IBUF_BUFG | ALU/A[297][7]_i_1_n_0 |                  |                4 |              8 |         2.00 |
|  wr_IBUF_BUFG | ALU/A[278][7]_i_1_n_0 |                  |                4 |              8 |         2.00 |
|  wr_IBUF_BUFG | ALU/A[261][7]_i_1_n_0 |                  |                3 |              8 |         2.67 |
|  wr_IBUF_BUFG | ALU/A[282][7]_i_1_n_0 |                  |                3 |              8 |         2.67 |
|  wr_IBUF_BUFG | ALU/A[299][7]_i_1_n_0 |                  |                3 |              8 |         2.67 |
|  wr_IBUF_BUFG | ALU/A[307][7]_i_1_n_0 |                  |                4 |              8 |         2.00 |
|  wr_IBUF_BUFG | ALU/A[28][7]_i_1_n_0  |                  |                4 |              8 |         2.00 |
|  wr_IBUF_BUFG | ALU/A[263][7]_i_1_n_0 |                  |                4 |              8 |         2.00 |
|  wr_IBUF_BUFG | ALU/A[270][7]_i_1_n_0 |                  |                5 |              8 |         1.60 |
|  wr_IBUF_BUFG | ALU/A[272][7]_i_1_n_0 |                  |                3 |              8 |         2.67 |
|  wr_IBUF_BUFG | ALU/A[289][7]_i_1_n_0 |                  |                4 |              8 |         2.00 |
|  wr_IBUF_BUFG | ALU/A[268][7]_i_1_n_0 |                  |                4 |              8 |         2.00 |
|  wr_IBUF_BUFG | ALU/A[292][7]_i_1_n_0 |                  |                4 |              8 |         2.00 |
|  wr_IBUF_BUFG | ALU/A[260][7]_i_1_n_0 |                  |                3 |              8 |         2.67 |
|  wr_IBUF_BUFG | ALU/A[283][7]_i_1_n_0 |                  |                2 |              8 |         4.00 |
|  wr_IBUF_BUFG | ALU/A[295][7]_i_1_n_0 |                  |                5 |              8 |         1.60 |
|  wr_IBUF_BUFG | ALU/A[269][7]_i_1_n_0 |                  |                4 |              8 |         2.00 |
|  wr_IBUF_BUFG | ALU/A[296][7]_i_1_n_0 |                  |                3 |              8 |         2.67 |
|  wr_IBUF_BUFG | ALU/A[280][7]_i_1_n_0 |                  |                4 |              8 |         2.00 |
|  wr_IBUF_BUFG | ALU/A[259][7]_i_1_n_0 |                  |                4 |              8 |         2.00 |
|  wr_IBUF_BUFG | ALU/A[371][7]_i_1_n_0 |                  |                6 |              8 |         1.33 |
|  wr_IBUF_BUFG | ALU/A[330][7]_i_1_n_0 |                  |                3 |              8 |         2.67 |
|  wr_IBUF_BUFG | ALU/A[341][7]_i_1_n_0 |                  |                4 |              8 |         2.00 |
|  wr_IBUF_BUFG | ALU/A[323][7]_i_1_n_0 |                  |                3 |              8 |         2.67 |
|  wr_IBUF_BUFG | ALU/A[335][7]_i_1_n_0 |                  |                3 |              8 |         2.67 |
|  wr_IBUF_BUFG | ALU/A[333][7]_i_1_n_0 |                  |                3 |              8 |         2.67 |
|  wr_IBUF_BUFG | ALU/A[31][7]_i_1_n_0  |                  |                4 |              8 |         2.00 |
|  wr_IBUF_BUFG | ALU/A[329][7]_i_1_n_0 |                  |                5 |              8 |         1.60 |
|  wr_IBUF_BUFG | ALU/A[344][7]_i_1_n_0 |                  |                2 |              8 |         4.00 |
|  wr_IBUF_BUFG | ALU/A[358][7]_i_1_n_0 |                  |                6 |              8 |         1.33 |
|  wr_IBUF_BUFG | ALU/A[364][7]_i_1_n_0 |                  |                3 |              8 |         2.67 |
|  wr_IBUF_BUFG | ALU/A[365][7]_i_1_n_0 |                  |                3 |              8 |         2.67 |
|  wr_IBUF_BUFG | ALU/A[368][7]_i_1_n_0 |                  |                3 |              8 |         2.67 |
|  wr_IBUF_BUFG | ALU/A[336][7]_i_1_n_0 |                  |                4 |              8 |         2.00 |
|  wr_IBUF_BUFG | ALU/A[36][7]_i_1_n_0  |                  |                3 |              8 |         2.67 |
|  wr_IBUF_BUFG | ALU/A[331][7]_i_1_n_0 |                  |                4 |              8 |         2.00 |
|  wr_IBUF_BUFG | ALU/A[353][7]_i_1_n_0 |                  |                3 |              8 |         2.67 |
|  wr_IBUF_BUFG | ALU/A[348][7]_i_1_n_0 |                  |                4 |              8 |         2.00 |
|  wr_IBUF_BUFG | ALU/A[359][7]_i_1_n_0 |                  |                5 |              8 |         1.60 |
|  wr_IBUF_BUFG | ALU/A[342][7]_i_1_n_0 |                  |                4 |              8 |         2.00 |
|  wr_IBUF_BUFG | ALU/A[361][7]_i_1_n_0 |                  |                5 |              8 |         1.60 |
|  wr_IBUF_BUFG | ALU/A[315][7]_i_1_n_0 |                  |                5 |              8 |         1.60 |
|  wr_IBUF_BUFG | ALU/A[337][7]_i_1_n_0 |                  |                4 |              8 |         2.00 |
|  wr_IBUF_BUFG | ALU/A[339][7]_i_1_n_0 |                  |                4 |              8 |         2.00 |
|  wr_IBUF_BUFG | ALU/A[33][7]_i_1_n_0  |                  |                3 |              8 |         2.67 |
|  wr_IBUF_BUFG | ALU/A[350][7]_i_1_n_0 |                  |                3 |              8 |         2.67 |
|  wr_IBUF_BUFG | ALU/A[355][7]_i_1_n_0 |                  |                3 |              8 |         2.67 |
|  wr_IBUF_BUFG | ALU/A[366][7]_i_1_n_0 |                  |                4 |              8 |         2.00 |
|  wr_IBUF_BUFG | ALU/A[35][7]_i_1_n_0  |                  |                3 |              8 |         2.67 |
|  wr_IBUF_BUFG | ALU/A[321][7]_i_1_n_0 |                  |                4 |              8 |         2.00 |
|  wr_IBUF_BUFG | ALU/A[34][7]_i_1_n_0  |                  |                3 |              8 |         2.67 |
|  wr_IBUF_BUFG | ALU/A[360][7]_i_1_n_0 |                  |                4 |              8 |         2.00 |
|  wr_IBUF_BUFG | ALU/A[354][7]_i_1_n_0 |                  |                4 |              8 |         2.00 |
|  wr_IBUF_BUFG | ALU/A[362][7]_i_1_n_0 |                  |                3 |              8 |         2.67 |
|  wr_IBUF_BUFG | ALU/A[370][7]_i_1_n_0 |                  |                4 |              8 |         2.00 |
|  wr_IBUF_BUFG | ALU/A[372][7]_i_1_n_0 |                  |                4 |              8 |         2.00 |
|  wr_IBUF_BUFG | ALU/A[332][7]_i_1_n_0 |                  |                3 |              8 |         2.67 |
|  wr_IBUF_BUFG | ALU/A[317][7]_i_1_n_0 |                  |                5 |              8 |         1.60 |
|  wr_IBUF_BUFG | ALU/A[316][7]_i_1_n_0 |                  |                2 |              8 |         4.00 |
|  wr_IBUF_BUFG | ALU/A[325][7]_i_1_n_0 |                  |                4 |              8 |         2.00 |
|  wr_IBUF_BUFG | ALU/A[326][7]_i_1_n_0 |                  |                5 |              8 |         1.60 |
|  wr_IBUF_BUFG | ALU/A[319][7]_i_1_n_0 |                  |                3 |              8 |         2.67 |
|  wr_IBUF_BUFG | ALU/A[328][7]_i_1_n_0 |                  |                3 |              8 |         2.67 |
|  wr_IBUF_BUFG | ALU/A[318][7]_i_1_n_0 |                  |                3 |              8 |         2.67 |
|  wr_IBUF_BUFG | ALU/A[327][7]_i_1_n_0 |                  |                4 |              8 |         2.00 |
|  wr_IBUF_BUFG | ALU/A[340][7]_i_1_n_0 |                  |                5 |              8 |         1.60 |
|  wr_IBUF_BUFG | ALU/A[346][7]_i_1_n_0 |                  |                3 |              8 |         2.67 |
|  wr_IBUF_BUFG | ALU/A[347][7]_i_1_n_0 |                  |                3 |              8 |         2.67 |
|  wr_IBUF_BUFG | ALU/A[320][7]_i_1_n_0 |                  |                3 |              8 |         2.67 |
|  wr_IBUF_BUFG | ALU/A[32][7]_i_1_n_0  |                  |                6 |              8 |         1.33 |
|  wr_IBUF_BUFG | ALU/A[349][7]_i_1_n_0 |                  |                3 |              8 |         2.67 |
|  wr_IBUF_BUFG | ALU/A[351][7]_i_1_n_0 |                  |                4 |              8 |         2.00 |
|  wr_IBUF_BUFG | ALU/A[322][7]_i_1_n_0 |                  |                3 |              8 |         2.67 |
|  wr_IBUF_BUFG | ALU/A[324][7]_i_1_n_0 |                  |                4 |              8 |         2.00 |
|  wr_IBUF_BUFG | ALU/A[356][7]_i_1_n_0 |                  |                2 |              8 |         4.00 |
|  wr_IBUF_BUFG | ALU/A[357][7]_i_1_n_0 |                  |                4 |              8 |         2.00 |
|  wr_IBUF_BUFG | ALU/A[363][7]_i_1_n_0 |                  |                3 |              8 |         2.67 |
|  wr_IBUF_BUFG | ALU/A[345][7]_i_1_n_0 |                  |                5 |              8 |         1.60 |
|  wr_IBUF_BUFG | ALU/A[367][7]_i_1_n_0 |                  |                4 |              8 |         2.00 |
|  wr_IBUF_BUFG | ALU/A[334][7]_i_1_n_0 |                  |                3 |              8 |         2.67 |
|  wr_IBUF_BUFG | ALU/A[369][7]_i_1_n_0 |                  |                5 |              8 |         1.60 |
|  wr_IBUF_BUFG | ALU/A[352][7]_i_1_n_0 |                  |                5 |              8 |         1.60 |
|  wr_IBUF_BUFG | ALU/A[338][7]_i_1_n_0 |                  |                5 |              8 |         1.60 |
|  wr_IBUF_BUFG | ALU/A[343][7]_i_1_n_0 |                  |                4 |              8 |         2.00 |
|  wr_IBUF_BUFG | ALU/A[40][7]_i_1_n_0  |                  |                4 |              8 |         2.00 |
|  wr_IBUF_BUFG | ALU/A[47][7]_i_1_n_0  |                  |                3 |              8 |         2.67 |
|  wr_IBUF_BUFG | ALU/A[65][7]_i_1_n_0  |                  |                3 |              8 |         2.67 |
|  wr_IBUF_BUFG | ALU/A[377][7]_i_1_n_0 |                  |                6 |              8 |         1.33 |
|  wr_IBUF_BUFG | ALU/A[66][7]_i_1_n_0  |                  |                4 |              8 |         2.00 |
|  wr_IBUF_BUFG | ALU/A[67][7]_i_1_n_0  |                  |                3 |              8 |         2.67 |
|  wr_IBUF_BUFG | ALU/A[68][7]_i_1_n_0  |                  |                5 |              8 |         1.60 |
|  wr_IBUF_BUFG | ALU/A[69][7]_i_1_n_0  |                  |                4 |              8 |         2.00 |
|  wr_IBUF_BUFG | ALU/A[379][7]_i_1_n_0 |                  |                2 |              8 |         4.00 |
|  wr_IBUF_BUFG | ALU/A[46][7]_i_1_n_0  |                  |                5 |              8 |         1.60 |
|  wr_IBUF_BUFG | ALU/A[37][7]_i_1_n_0  |                  |                4 |              8 |         2.00 |
|  wr_IBUF_BUFG | ALU/A[380][7]_i_1_n_0 |                  |                3 |              8 |         2.67 |
|  wr_IBUF_BUFG | ALU/A[378][7]_i_1_n_0 |                  |                2 |              8 |         4.00 |
|  wr_IBUF_BUFG | ALU/A[385][7]_i_1_n_0 |                  |                3 |              8 |         2.67 |
|  wr_IBUF_BUFG | ALU/A[392][7]_i_1_n_0 |                  |                3 |              8 |         2.67 |
|  wr_IBUF_BUFG | ALU/A[38][7]_i_1_n_0  |                  |                4 |              8 |         2.00 |
|  wr_IBUF_BUFG | ALU/A[382][7]_i_1_n_0 |                  |                2 |              8 |         4.00 |
|  wr_IBUF_BUFG | ALU/A[399][7]_i_1_n_0 |                  |                5 |              8 |         1.60 |
|  wr_IBUF_BUFG | ALU/A[3][7]_i_1_n_0   |                  |                4 |              8 |         2.00 |
|  wr_IBUF_BUFG | ALU/A[397][7]_i_1_n_0 |                  |                5 |              8 |         1.60 |
|  wr_IBUF_BUFG | ALU/A[394][7]_i_1_n_0 |                  |                3 |              8 |         2.67 |
|  wr_IBUF_BUFG | ALU/A[41][7]_i_1_n_0  |                  |                5 |              8 |         1.60 |
|  wr_IBUF_BUFG | ALU/A[51][7]_i_1_n_0  |                  |                4 |              8 |         2.00 |
|  wr_IBUF_BUFG | ALU/A[52][7]_i_1_n_0  |                  |                3 |              8 |         2.67 |
|  wr_IBUF_BUFG | ALU/A[53][7]_i_1_n_0  |                  |                4 |              8 |         2.00 |
|  wr_IBUF_BUFG | ALU/A[54][7]_i_1_n_0  |                  |                2 |              8 |         4.00 |
|  wr_IBUF_BUFG | ALU/A[56][7]_i_1_n_0  |                  |                3 |              8 |         2.67 |
|  wr_IBUF_BUFG | ALU/A[391][7]_i_1_n_0 |                  |                6 |              8 |         1.33 |
|  wr_IBUF_BUFG | ALU/A[60][7]_i_1_n_0  |                  |                3 |              8 |         2.67 |
|  wr_IBUF_BUFG | ALU/A[6][7]_i_1_n_0   |                  |                3 |              8 |         2.67 |
|  wr_IBUF_BUFG | ALU/A[388][7]_i_1_n_0 |                  |                3 |              8 |         2.67 |
|  wr_IBUF_BUFG | ALU/A[50][7]_i_1_n_0  |                  |                6 |              8 |         1.33 |
|  wr_IBUF_BUFG | ALU/A[374][7]_i_1_n_0 |                  |                3 |              8 |         2.67 |
|  wr_IBUF_BUFG | ALU/A[390][7]_i_1_n_0 |                  |                4 |              8 |         2.00 |
|  wr_IBUF_BUFG | ALU/A[395][7]_i_1_n_0 |                  |                4 |              8 |         2.00 |
|  wr_IBUF_BUFG | ALU/A[373][7]_i_1_n_0 |                  |                3 |              8 |         2.67 |
|  wr_IBUF_BUFG | ALU/A[398][7]_i_1_n_0 |                  |                3 |              8 |         2.67 |
|  wr_IBUF_BUFG | ALU/A[42][7]_i_1_n_0  |                  |                6 |              8 |         1.33 |
|  wr_IBUF_BUFG | ALU/A[383][7]_i_1_n_0 |                  |                3 |              8 |         2.67 |
|  wr_IBUF_BUFG | ALU/A[55][7]_i_1_n_0  |                  |                5 |              8 |         1.60 |
|  wr_IBUF_BUFG | ALU/A[59][7]_i_1_n_0  |                  |                4 |              8 |         2.00 |
|  wr_IBUF_BUFG | ALU/A[375][7]_i_1_n_0 |                  |                4 |              8 |         2.00 |
|  wr_IBUF_BUFG | ALU/A[396][7]_i_1_n_0 |                  |                3 |              8 |         2.67 |
|  wr_IBUF_BUFG | ALU/A[43][7]_i_1_n_0  |                  |                4 |              8 |         2.00 |
|  wr_IBUF_BUFG | ALU/A[62][7]_i_1_n_0  |                  |                5 |              8 |         1.60 |
|  wr_IBUF_BUFG | ALU/A[387][7]_i_1_n_0 |                  |                5 |              8 |         1.60 |
|  wr_IBUF_BUFG | ALU/A[58][7]_i_1_n_0  |                  |                4 |              8 |         2.00 |
|  wr_IBUF_BUFG | ALU/A[44][7]_i_1_n_0  |                  |                3 |              8 |         2.67 |
|  wr_IBUF_BUFG | ALU/A[48][7]_i_1_n_0  |                  |                4 |              8 |         2.00 |
|  wr_IBUF_BUFG | ALU/A[63][7]_i_1_n_0  |                  |                3 |              8 |         2.67 |
|  wr_IBUF_BUFG | ALU/A[39][7]_i_1_n_0  |                  |                5 |              8 |         1.60 |
|  wr_IBUF_BUFG | ALU/A[61][7]_i_1_n_0  |                  |                5 |              8 |         1.60 |
|  wr_IBUF_BUFG | ALU/A[386][7]_i_1_n_0 |                  |                3 |              8 |         2.67 |
|  wr_IBUF_BUFG | ALU/A[57][7]_i_1_n_0  |                  |                3 |              8 |         2.67 |
|  wr_IBUF_BUFG | ALU/A[376][7]_i_1_n_0 |                  |                2 |              8 |         4.00 |
|  wr_IBUF_BUFG | ALU/A[45][7]_i_1_n_0  |                  |                3 |              8 |         2.67 |
|  wr_IBUF_BUFG | ALU/A[381][7]_i_1_n_0 |                  |                5 |              8 |         1.60 |
|  wr_IBUF_BUFG | ALU/A[4][7]_i_1_n_0   |                  |                4 |              8 |         2.00 |
|  wr_IBUF_BUFG | ALU/A[49][7]_i_1_n_0  |                  |                6 |              8 |         1.33 |
|  wr_IBUF_BUFG | ALU/A[5][7]_i_1_n_0   |                  |                3 |              8 |         2.67 |
|  wr_IBUF_BUFG | ALU/A[64][7]_i_1_n_0  |                  |                4 |              8 |         2.00 |
|  wr_IBUF_BUFG | ALU/A[389][7]_i_1_n_0 |                  |                4 |              8 |         2.00 |
|  wr_IBUF_BUFG | ALU/A[393][7]_i_1_n_0 |                  |                3 |              8 |         2.67 |
|  wr_IBUF_BUFG | ALU/A[384][7]_i_1_n_0 |                  |                7 |              8 |         1.14 |
|  wr_IBUF_BUFG | ALU/A[74][7]_i_1_n_0  |                  |                3 |              8 |         2.67 |
|  wr_IBUF_BUFG | ALU/A[71][7]_i_1_n_0  |                  |                3 |              8 |         2.67 |
|  wr_IBUF_BUFG | ALU/A[80][7]_i_1_n_0  |                  |                4 |              8 |         2.00 |
|  wr_IBUF_BUFG | ALU/A[81][7]_i_1_n_0  |                  |                3 |              8 |         2.67 |
|  wr_IBUF_BUFG | ALU/A[90][7]_i_1_n_0  |                  |                6 |              8 |         1.33 |
|  wr_IBUF_BUFG | ALU/A[84][7]_i_1_n_0  |                  |                4 |              8 |         2.00 |
|  wr_IBUF_BUFG | ALU/A[73][7]_i_1_n_0  |                  |                4 |              8 |         2.00 |
|  wr_IBUF_BUFG | ALU/A[87][7]_i_1_n_0  |                  |                3 |              8 |         2.67 |
|  wr_IBUF_BUFG | ALU/A[8][7]_i_1_n_0   |                  |                4 |              8 |         2.00 |
|  wr_IBUF_BUFG | ALU/A[96][7]_i_1_n_0  |                  |                4 |              8 |         2.00 |
|  wr_IBUF_BUFG | ALU/A[9][7]_i_1_n_0   |                  |                3 |              8 |         2.67 |
|  wr_IBUF_BUFG | ALU/A[88][7]_i_1_n_0  |                  |                6 |              8 |         1.33 |
|  wr_IBUF_BUFG | ALU/A[93][7]_i_1_n_0  |                  |                3 |              8 |         2.67 |
|  wr_IBUF_BUFG | ALU/A[91][7]_i_1_n_0  |                  |                4 |              8 |         2.00 |
|  wr_IBUF_BUFG | ALU/A[78][7]_i_1_n_0  |                  |                5 |              8 |         1.60 |
|  wr_IBUF_BUFG | ALU/A[97][7]_i_1_n_0  |                  |                4 |              8 |         2.00 |
|  wr_IBUF_BUFG | ALU/A[89][7]_i_1_n_0  |                  |                4 |              8 |         2.00 |
|  wr_IBUF_BUFG | ALU/A[72][7]_i_1_n_0  |                  |                3 |              8 |         2.67 |
|  wr_IBUF_BUFG | ALU/A[79][7]_i_1_n_0  |                  |                2 |              8 |         4.00 |
|  wr_IBUF_BUFG | ALU/A[70][7]_i_1_n_0  |                  |                4 |              8 |         2.00 |
|  wr_IBUF_BUFG | ALU/A[75][7]_i_1_n_0  |                  |                6 |              8 |         1.33 |
|  wr_IBUF_BUFG | ALU/A[99][7]_i_1_n_0  |                  |                4 |              8 |         2.00 |
|  wr_IBUF_BUFG | ALU/A[86][7]_i_1_n_0  |                  |                5 |              8 |         1.60 |
|  wr_IBUF_BUFG | ALU/A[77][7]_i_1_n_0  |                  |                3 |              8 |         2.67 |
|  wr_IBUF_BUFG | ALU/A[76][7]_i_1_n_0  |                  |                3 |              8 |         2.67 |
|  wr_IBUF_BUFG | ALU/A[82][7]_i_1_n_0  |                  |                4 |              8 |         2.00 |
|  wr_IBUF_BUFG | ALU/A[94][7]_i_1_n_0  |                  |                4 |              8 |         2.00 |
|  wr_IBUF_BUFG | ALU/A[85][7]_i_1_n_0  |                  |                5 |              8 |         1.60 |
|  wr_IBUF_BUFG | ALU/A[98][7]_i_1_n_0  |                  |                4 |              8 |         2.00 |
|  wr_IBUF_BUFG | ALU/A[92][7]_i_1_n_0  |                  |                5 |              8 |         1.60 |
|  wr_IBUF_BUFG | ALU/A[83][7]_i_1_n_0  |                  |                5 |              8 |         1.60 |
|  wr_IBUF_BUFG | ALU/A[95][7]_i_1_n_0  |                  |                4 |              8 |         2.00 |
|  c_IBUF_BUFG  |                       |                  |               33 |             38 |         1.15 |
+---------------+-----------------------+------------------+------------------+----------------+--------------+


